#
# There is insufficient memory for the Java Runtime Environment to continue.
# Native memory allocation (malloc) failed to allocate 1046656 bytes. Error detail: Chunk::new
# Possible reasons:
#   The system is out of physical RAM or swap space
#   This process is running with CompressedOops enabled, and the Java Heap may be blocking the growth of the native heap
# Possible solutions:
#   Reduce memory load on the system
#   Increase physical memory or swap space
#   Check if swap backing store is full
#   Decrease Java heap size (-Xmx/-Xms)
#   Decrease number of Java threads
#   Decrease Java thread stack sizes (-Xss)
#   Set larger code cache with -XX:ReservedCodeCacheSize=
#   JVM is running with Unscaled Compressed Oops mode in which the Java heap is
#     placed in the first 4GB address space. The Java Heap base address is the
#     maximum limit for the native heap growth. Please use -XX:HeapBaseMinAddress
#     to set the Java Heap base and to place the Java Heap above 4GB virtual address.
# This output file may be truncated or incomplete.
#
#  Out of Memory Error (arena.cpp:191), pid=24460, tid=780
#
# JRE version: OpenJDK Runtime Environment Corretto-17.0.11.9.1 (17.0.11+9) (build 17.0.11+9-LTS)
# Java VM: OpenJDK 64-Bit Server VM Corretto-17.0.11.9.1 (17.0.11+9-LTS, mixed mode, sharing, tiered, compressed oops, compressed class ptrs, g1 gc, windows-amd64)
# No core dump will be written. Minidumps are not enabled by default on client versions of Windows
#

---------------  S U M M A R Y ------------

Command Line: --add-opens=java.base/java.lang=ALL-UNNAMED --add-opens=java.base/java.lang.invoke=ALL-UNNAMED --add-opens=java.base/java.util=ALL-UNNAMED --add-opens=java.prefs/java.util.prefs=ALL-UNNAMED --add-exports=jdk.compiler/com.sun.tools.javac.api=ALL-UNNAMED --add-exports=jdk.compiler/com.sun.tools.javac.util=ALL-UNNAMED --add-opens=java.base/java.util=ALL-UNNAMED --add-opens=java.prefs/java.util.prefs=ALL-UNNAMED --add-opens=java.base/java.nio.charset=ALL-UNNAMED --add-opens=java.base/java.net=ALL-UNNAMED --add-opens=java.base/java.util.concurrent.atomic=ALL-UNNAMED --add-opens=java.xml/javax.xml.namespace=ALL-UNNAMED -XX:MaxMetaspaceSize=384m -XX:+HeapDumpOnOutOfMemoryError -Xms256m -Xmx512m -Dfile.encoding=windows-1252 -Duser.country=US -Duser.language=en -Duser.variant -javaagent:C:\Users\admin\.gradle\wrapper\dists\gradle-8.12.1-bin\eumc4uhoysa37zql93vfjkxy0\gradle-8.12.1\lib\agents\gradle-instrumentation-agent-8.12.1.jar org.gradle.launcher.daemon.bootstrap.GradleDaemon 8.12.1

Host: 11th Gen Intel(R) Core(TM) i5-1135G7 @ 2.40GHz, 8 cores, 7G,  Windows 11 , 64 bit Build 22621 (10.0.22621.4391)
Time: Tue Feb  4 23:16:54 2025 SE Asia Standard Time elapsed time: 24.588312 seconds (0d 0h 0m 24s)

---------------  T H R E A D  ---------------

Current thread (0x000002127cade860):  JavaThread "C2 CompilerThread0" daemon [_thread_in_native, id=780, stack(0x0000004997900000,0x0000004997a00000)]


Current CompileTask:
C2:  24588 2881       4       jdk.internal.org.objectweb.asm.Frame::execute (2305 bytes)

Stack: [0x0000004997900000,0x0000004997a00000]
Native frames: (J=compiled Java code, j=interpreted, Vv=VM code, C=native code)
V  [jvm.dll+0x67d009]
V  [jvm.dll+0x83489a]
V  [jvm.dll+0x83635e]
V  [jvm.dll+0x8369c3]
V  [jvm.dll+0x2479df]
V  [jvm.dll+0xac534]
V  [jvm.dll+0xacb7c]
V  [jvm.dll+0x2aeecf]
V  [jvm.dll+0x5844d7]
V  [jvm.dll+0x2229d2]
V  [jvm.dll+0x222dcf]
V  [jvm.dll+0x21bef0]
V  [jvm.dll+0x2193f1]
V  [jvm.dll+0x1a524d]
V  [jvm.dll+0x22920d]
V  [jvm.dll+0x2273dc]
V  [jvm.dll+0x7e9a07]
V  [jvm.dll+0x7e3e0a]
V  [jvm.dll+0x67bef5]
C  [ucrtbase.dll+0x29333]
C  [KERNEL32.DLL+0x1259d]
C  [ntdll.dll+0x5af38]


---------------  P R O C E S S  ---------------

Threads class SMR info:
_java_thread_list=0x0000021232d97b50, length=28, elements={
0x0000021278982ec0, 0x000002127cabc2b0, 0x000002127cabce70, 0x000002127cad9a70,
0x000002127cada630, 0x000002127cadd100, 0x000002127caddac0, 0x000002127cade860,
0x0000021216b7a490, 0x0000021216bc55f0, 0x000002127caa68b0, 0x0000021216cf7c50,
0x0000021230ba48c0, 0x00000212306e7680, 0x0000021230d08420, 0x0000021230f7a030,
0x00000212302c87d0, 0x00000212306d46d0, 0x00000212306d50f0, 0x00000212306d4be0,
0x00000212306d6f50, 0x00000212306d6a40, 0x00000212306d5600, 0x00000212306d5b10,
0x00000212306d7460, 0x00000212306d7970, 0x00000212306d6020, 0x00000212306d6530
}

Java Threads: ( => current thread )
  0x0000021278982ec0 JavaThread "main" [_thread_blocked, id=23164, stack(0x0000004996c00000,0x0000004996d00000)]
  0x000002127cabc2b0 JavaThread "Reference Handler" daemon [_thread_blocked, id=22816, stack(0x0000004997300000,0x0000004997400000)]
  0x000002127cabce70 JavaThread "Finalizer" daemon [_thread_blocked, id=22284, stack(0x0000004997400000,0x0000004997500000)]
  0x000002127cad9a70 JavaThread "Signal Dispatcher" daemon [_thread_blocked, id=23408, stack(0x0000004997500000,0x0000004997600000)]
  0x000002127cada630 JavaThread "Attach Listener" daemon [_thread_blocked, id=25004, stack(0x0000004997600000,0x0000004997700000)]
  0x000002127cadd100 JavaThread "Service Thread" daemon [_thread_blocked, id=18440, stack(0x0000004997700000,0x0000004997800000)]
  0x000002127caddac0 JavaThread "Monitor Deflation Thread" daemon [_thread_blocked, id=24628, stack(0x0000004997800000,0x0000004997900000)]
=>0x000002127cade860 JavaThread "C2 CompilerThread0" daemon [_thread_in_native, id=780, stack(0x0000004997900000,0x0000004997a00000)]
  0x0000021216b7a490 JavaThread "C1 CompilerThread0" daemon [_thread_blocked, id=25044, stack(0x0000004997a00000,0x0000004997b00000)]
  0x0000021216bc55f0 JavaThread "Sweeper thread" daemon [_thread_blocked, id=24432, stack(0x0000004997b00000,0x0000004997c00000)]
  0x000002127caa68b0 JavaThread "Common-Cleaner" daemon [_thread_blocked, id=18244, stack(0x0000004997c00000,0x0000004997d00000)]
  0x0000021216cf7c50 JavaThread "Notification Thread" daemon [_thread_blocked, id=832, stack(0x0000004997d00000,0x0000004997e00000)]
  0x0000021230ba48c0 JavaThread "Daemon health stats" [_thread_blocked, id=19524, stack(0x0000004998400000,0x0000004998500000)]
  0x00000212306e7680 JavaThread "Incoming local TCP Connector on port 61463" [_thread_in_native, id=3104, stack(0x0000004998500000,0x0000004998600000)]
  0x0000021230d08420 JavaThread "Daemon periodic checks" [_thread_blocked, id=16268, stack(0x0000004998600000,0x0000004998700000)]
  0x0000021230f7a030 JavaThread "Daemon" [_thread_blocked, id=12540, stack(0x0000004998700000,0x0000004998800000)]
  0x00000212302c87d0 JavaThread "Handler for socket connection from /127.0.0.1:61463 to /127.0.0.1:61465" [_thread_in_native, id=24948, stack(0x0000004998800000,0x0000004998900000)]
  0x00000212306d46d0 JavaThread "Cancel handler" [_thread_blocked, id=21932, stack(0x0000004998900000,0x0000004998a00000)]
  0x00000212306d50f0 JavaThread "Daemon worker" [_thread_in_native, id=17828, stack(0x0000004998a00000,0x0000004998b00000)]
  0x00000212306d4be0 JavaThread "Asynchronous log dispatcher for DefaultDaemonConnection: socket connection from /127.0.0.1:61463 to /127.0.0.1:61465" [_thread_blocked, id=3924, stack(0x0000004998b00000,0x0000004998c00000)]
  0x00000212306d6f50 JavaThread "Stdin handler" [_thread_blocked, id=18376, stack(0x0000004998c00000,0x0000004998d00000)]
  0x00000212306d6a40 JavaThread "Daemon client event forwarder" [_thread_blocked, id=21788, stack(0x0000004998d00000,0x0000004998e00000)]
  0x00000212306d5600 JavaThread "Cache worker for journal cache (C:\Users\admin\.gradle\caches\journal-1)" [_thread_blocked, id=1504, stack(0x0000004998e00000,0x0000004998f00000)]
  0x00000212306d5b10 JavaThread "File lock request listener" [_thread_in_native, id=11236, stack(0x0000004998f00000,0x0000004999000000)]
  0x00000212306d7460 JavaThread "File lock release action executor" [_thread_blocked, id=9924, stack(0x0000004999000000,0x0000004999100000)]
  0x00000212306d7970 JavaThread "Cache worker for file hash cache (C:\Users\admin\.gradle\caches\8.12.1\fileHashes)" [_thread_blocked, id=10352, stack(0x0000004999100000,0x0000004999200000)]
  0x00000212306d6020 JavaThread "Cache worker for file hash cache (D:\Hoàn\TMDT\TMDT\.gradle\8.12.1\fileHashes)" [_thread_blocked, id=22640, stack(0x0000004999200000,0x0000004999300000)]
  0x00000212306d6530 JavaThread "Cache worker for Build Output Cleanup Cache (D:\Hoàn\TMDT\TMDT\.gradle\buildOutputCleanup)" [_thread_blocked, id=13476, stack(0x0000004999300000,0x0000004999400000)]

Other Threads:
  0x000002127cab9c60 VMThread "VM Thread" [stack: 0x0000004997200000,0x0000004997300000] [id=3216]
  0x0000021278983d40 WatcherThread [stack: 0x0000004997e00000,0x0000004997f00000] [id=18424]
  0x00000212789af8c0 GCTaskThread "GC Thread#0" [stack: 0x0000004996d00000,0x0000004996e00000] [id=15744]
  0x000002123026aec0 GCTaskThread "GC Thread#1" [stack: 0x0000004997f00000,0x0000004998000000] [id=9660]
  0x000002123016e290 GCTaskThread "GC Thread#2" [stack: 0x0000004998000000,0x0000004998100000] [id=2156]
  0x000002123016e550 GCTaskThread "GC Thread#3" [stack: 0x0000004998100000,0x0000004998200000] [id=25200]
  0x000002123016e810 GCTaskThread "GC Thread#4" [stack: 0x0000004998200000,0x0000004998300000] [id=16652]
  0x00000212300f1dc0 GCTaskThread "GC Thread#5" [stack: 0x0000004998300000,0x0000004998400000] [id=13800]
  0x000002123259b010 GCTaskThread "GC Thread#6" [stack: 0x0000004999400000,0x0000004999500000] [id=18680]
  0x000002123259b2d0 GCTaskThread "GC Thread#7" [stack: 0x0000004999500000,0x0000004999600000] [id=22160]
  0x000002127687e8b0 ConcurrentGCThread "G1 Main Marker" [stack: 0x0000004996e00000,0x0000004996f00000] [id=25220]
  0x00000212789b1230 ConcurrentGCThread "G1 Conc#0" [stack: 0x0000004996f00000,0x0000004997000000] [id=15816]
  0x000002123259c090 ConcurrentGCThread "G1 Conc#1" [stack: 0x0000004999600000,0x0000004999700000] [id=19640]
  0x0000021278a2e3b0 ConcurrentGCThread "G1 Refine#0" [stack: 0x0000004997000000,0x0000004997100000] [id=8720]
  0x000002127c97b5d0 ConcurrentGCThread "G1 Service" [stack: 0x0000004997100000,0x0000004997200000] [id=22748]

Threads with active compile tasks:
C2 CompilerThread0    24606 2881       4       jdk.internal.org.objectweb.asm.Frame::execute (2305 bytes)

VM state: not at safepoint (normal execution)

VM Mutex/Monitor currently owned by a thread: None

Heap address: 0x00000000e0000000, size: 512 MB, Compressed Oops mode: 32-bit

CDS archive(s) mapped at: [0x0000021217000000-0x0000021217bb0000-0x0000021217bb0000), size 12255232, SharedBaseAddress: 0x0000021217000000, ArchiveRelocationMode: 1.
Compressed class space mapped at: 0x0000021218000000-0x000002122c000000, reserved size: 335544320
Narrow klass base: 0x0000021217000000, Narrow klass shift: 0, Narrow klass range: 0x100000000

GC Precious Log:
 CPUs: 8 total, 8 available
 Memory: 7957M
 Large Page Support: Disabled
 NUMA Support: Disabled
 Compressed Oops: Enabled (32-bit)
 Heap Region Size: 1M
 Heap Min Capacity: 256M
 Heap Initial Capacity: 256M
 Heap Max Capacity: 512M
 Pre-touch: Disabled
 Parallel Workers: 8
 Concurrent Workers: 2
 Concurrent Refinement Workers: 8
 Periodic GC: Disabled

Heap:
 garbage-first heap   total 262144K, used 27502K [0x00000000e0000000, 0x0000000100000000)
  region size 1024K, 16 young (16384K), 12 survivors (12288K)
 Metaspace       used 21426K, committed 21824K, reserved 393216K
  class space    used 3149K, committed 3328K, reserved 327680K

Heap Regions: E=young(eden), S=young(survivor), O=old, HS=humongous(starts), HC=humongous(continues), CS=collection set, F=free, OA=open archive, CA=closed archive, TAMS=top-at-mark-start (previous, next)
|   0|0x00000000e0000000, 0x00000000e0100000, 0x00000000e0100000|100%| O|  |TAMS 0x00000000e0100000, 0x00000000e0000000| Untracked 
|   1|0x00000000e0100000, 0x00000000e0200000, 0x00000000e0200000|100%|HS|  |TAMS 0x00000000e0200000, 0x00000000e0100000| Complete 
|   2|0x00000000e0200000, 0x00000000e0300000, 0x00000000e0300000|100%|HC|  |TAMS 0x00000000e0300000, 0x00000000e0200000| Complete 
|   3|0x00000000e0300000, 0x00000000e0400000, 0x00000000e0400000|100%|HC|  |TAMS 0x00000000e0400000, 0x00000000e0300000| Complete 
|   4|0x00000000e0400000, 0x00000000e0500000, 0x00000000e0500000|100%| O|  |TAMS 0x00000000e0500000, 0x00000000e0400000| Untracked 
|   5|0x00000000e0500000, 0x00000000e0600000, 0x00000000e0600000|100%| O|  |TAMS 0x00000000e0600000, 0x00000000e0500000| Untracked 
|   6|0x00000000e0600000, 0x00000000e0700000, 0x00000000e0700000|100%| O|  |TAMS 0x00000000e0700000, 0x00000000e0600000| Untracked 
|   7|0x00000000e0700000, 0x00000000e0800000, 0x00000000e0800000|100%|HS|  |TAMS 0x00000000e0800000, 0x00000000e0700000| Complete 
|   8|0x00000000e0800000, 0x00000000e0800000, 0x00000000e0900000|  0%| F|  |TAMS 0x00000000e0800000, 0x00000000e0800000| Untracked 
|   9|0x00000000e0900000, 0x00000000e0a00000, 0x00000000e0a00000|100%| O|  |TAMS 0x00000000e0a00000, 0x00000000e0900000| Untracked 
|  10|0x00000000e0a00000, 0x00000000e0b00000, 0x00000000e0b00000|100%| O|  |TAMS 0x00000000e0b00000, 0x00000000e0a00000| Untracked 
|  11|0x00000000e0b00000, 0x00000000e0c00000, 0x00000000e0c00000|100%| O|  |TAMS 0x00000000e0c00000, 0x00000000e0b00000| Untracked 
|  12|0x00000000e0c00000, 0x00000000e0d00000, 0x00000000e0d00000|100%| O|  |TAMS 0x00000000e0d00000, 0x00000000e0c00000| Untracked 
|  13|0x00000000e0d00000, 0x00000000e0d55400, 0x00000000e0e00000| 33%| O|  |TAMS 0x00000000e0d55400, 0x00000000e0d00000| Untracked 
|  14|0x00000000e0e00000, 0x00000000e0e00000, 0x00000000e0f00000|  0%| F|  |TAMS 0x00000000e0e00000, 0x00000000e0e00000| Untracked 
|  15|0x00000000e0f00000, 0x00000000e0f00000, 0x00000000e1000000|  0%| F|  |TAMS 0x00000000e0f00000, 0x00000000e0f00000| Untracked 
|  16|0x00000000e1000000, 0x00000000e1000000, 0x00000000e1100000|  0%| F|  |TAMS 0x00000000e1000000, 0x00000000e1000000| Untracked 
|  17|0x00000000e1100000, 0x00000000e1100000, 0x00000000e1200000|  0%| F|  |TAMS 0x00000000e1100000, 0x00000000e1100000| Untracked 
|  18|0x00000000e1200000, 0x00000000e1200000, 0x00000000e1300000|  0%| F|  |TAMS 0x00000000e1200000, 0x00000000e1200000| Untracked 
|  19|0x00000000e1300000, 0x00000000e1300000, 0x00000000e1400000|  0%| F|  |TAMS 0x00000000e1300000, 0x00000000e1300000| Untracked 
|  20|0x00000000e1400000, 0x00000000e1400000, 0x00000000e1500000|  0%| F|  |TAMS 0x00000000e1400000, 0x00000000e1400000| Untracked 
|  21|0x00000000e1500000, 0x00000000e1500000, 0x00000000e1600000|  0%| F|  |TAMS 0x00000000e1500000, 0x00000000e1500000| Untracked 
|  22|0x00000000e1600000, 0x00000000e1600000, 0x00000000e1700000|  0%| F|  |TAMS 0x00000000e1600000, 0x00000000e1600000| Untracked 
|  23|0x00000000e1700000, 0x00000000e1700000, 0x00000000e1800000|  0%| F|  |TAMS 0x00000000e1700000, 0x00000000e1700000| Untracked 
|  24|0x00000000e1800000, 0x00000000e1800000, 0x00000000e1900000|  0%| F|  |TAMS 0x00000000e1800000, 0x00000000e1800000| Untracked 
|  25|0x00000000e1900000, 0x00000000e1900000, 0x00000000e1a00000|  0%| F|  |TAMS 0x00000000e1900000, 0x00000000e1900000| Untracked 
|  26|0x00000000e1a00000, 0x00000000e1a00000, 0x00000000e1b00000|  0%| F|  |TAMS 0x00000000e1a00000, 0x00000000e1a00000| Untracked 
|  27|0x00000000e1b00000, 0x00000000e1b00000, 0x00000000e1c00000|  0%| F|  |TAMS 0x00000000e1b00000, 0x00000000e1b00000| Untracked 
|  28|0x00000000e1c00000, 0x00000000e1c00000, 0x00000000e1d00000|  0%| F|  |TAMS 0x00000000e1c00000, 0x00000000e1c00000| Untracked 
|  29|0x00000000e1d00000, 0x00000000e1d00000, 0x00000000e1e00000|  0%| F|  |TAMS 0x00000000e1d00000, 0x00000000e1d00000| Untracked 
|  30|0x00000000e1e00000, 0x00000000e1e00000, 0x00000000e1f00000|  0%| F|  |TAMS 0x00000000e1e00000, 0x00000000e1e00000| Untracked 
|  31|0x00000000e1f00000, 0x00000000e1f00000, 0x00000000e2000000|  0%| F|  |TAMS 0x00000000e1f00000, 0x00000000e1f00000| Untracked 
|  32|0x00000000e2000000, 0x00000000e2000000, 0x00000000e2100000|  0%| F|  |TAMS 0x00000000e2000000, 0x00000000e2000000| Untracked 
|  33|0x00000000e2100000, 0x00000000e2100000, 0x00000000e2200000|  0%| F|  |TAMS 0x00000000e2100000, 0x00000000e2100000| Untracked 
|  34|0x00000000e2200000, 0x00000000e2200000, 0x00000000e2300000|  0%| F|  |TAMS 0x00000000e2200000, 0x00000000e2200000| Untracked 
|  35|0x00000000e2300000, 0x00000000e2300000, 0x00000000e2400000|  0%| F|  |TAMS 0x00000000e2300000, 0x00000000e2300000| Untracked 
|  36|0x00000000e2400000, 0x00000000e2400000, 0x00000000e2500000|  0%| F|  |TAMS 0x00000000e2400000, 0x00000000e2400000| Untracked 
|  37|0x00000000e2500000, 0x00000000e2500000, 0x00000000e2600000|  0%| F|  |TAMS 0x00000000e2500000, 0x00000000e2500000| Untracked 
|  38|0x00000000e2600000, 0x00000000e2600000, 0x00000000e2700000|  0%| F|  |TAMS 0x00000000e2600000, 0x00000000e2600000| Untracked 
|  39|0x00000000e2700000, 0x00000000e2700000, 0x00000000e2800000|  0%| F|  |TAMS 0x00000000e2700000, 0x00000000e2700000| Untracked 
|  40|0x00000000e2800000, 0x00000000e2800000, 0x00000000e2900000|  0%| F|  |TAMS 0x00000000e2800000, 0x00000000e2800000| Untracked 
|  41|0x00000000e2900000, 0x00000000e2900000, 0x00000000e2a00000|  0%| F|  |TAMS 0x00000000e2900000, 0x00000000e2900000| Untracked 
|  42|0x00000000e2a00000, 0x00000000e2a00000, 0x00000000e2b00000|  0%| F|  |TAMS 0x00000000e2a00000, 0x00000000e2a00000| Untracked 
|  43|0x00000000e2b00000, 0x00000000e2b00000, 0x00000000e2c00000|  0%| F|  |TAMS 0x00000000e2b00000, 0x00000000e2b00000| Untracked 
|  44|0x00000000e2c00000, 0x00000000e2c00000, 0x00000000e2d00000|  0%| F|  |TAMS 0x00000000e2c00000, 0x00000000e2c00000| Untracked 
|  45|0x00000000e2d00000, 0x00000000e2d00000, 0x00000000e2e00000|  0%| F|  |TAMS 0x00000000e2d00000, 0x00000000e2d00000| Untracked 
|  46|0x00000000e2e00000, 0x00000000e2e00000, 0x00000000e2f00000|  0%| F|  |TAMS 0x00000000e2e00000, 0x00000000e2e00000| Untracked 
|  47|0x00000000e2f00000, 0x00000000e2f00000, 0x00000000e3000000|  0%| F|  |TAMS 0x00000000e2f00000, 0x00000000e2f00000| Untracked 
|  48|0x00000000e3000000, 0x00000000e3000000, 0x00000000e3100000|  0%| F|  |TAMS 0x00000000e3000000, 0x00000000e3000000| Untracked 
|  49|0x00000000e3100000, 0x00000000e3100000, 0x00000000e3200000|  0%| F|  |TAMS 0x00000000e3100000, 0x00000000e3100000| Untracked 
|  50|0x00000000e3200000, 0x00000000e3200000, 0x00000000e3300000|  0%| F|  |TAMS 0x00000000e3200000, 0x00000000e3200000| Untracked 
|  51|0x00000000e3300000, 0x00000000e3300000, 0x00000000e3400000|  0%| F|  |TAMS 0x00000000e3300000, 0x00000000e3300000| Untracked 
|  52|0x00000000e3400000, 0x00000000e3400000, 0x00000000e3500000|  0%| F|  |TAMS 0x00000000e3400000, 0x00000000e3400000| Untracked 
|  53|0x00000000e3500000, 0x00000000e3500000, 0x00000000e3600000|  0%| F|  |TAMS 0x00000000e3500000, 0x00000000e3500000| Untracked 
|  54|0x00000000e3600000, 0x00000000e3600000, 0x00000000e3700000|  0%| F|  |TAMS 0x00000000e3600000, 0x00000000e3600000| Untracked 
|  55|0x00000000e3700000, 0x00000000e3700000, 0x00000000e3800000|  0%| F|  |TAMS 0x00000000e3700000, 0x00000000e3700000| Untracked 
|  56|0x00000000e3800000, 0x00000000e3800000, 0x00000000e3900000|  0%| F|  |TAMS 0x00000000e3800000, 0x00000000e3800000| Untracked 
|  57|0x00000000e3900000, 0x00000000e3900000, 0x00000000e3a00000|  0%| F|  |TAMS 0x00000000e3900000, 0x00000000e3900000| Untracked 
|  58|0x00000000e3a00000, 0x00000000e3a00000, 0x00000000e3b00000|  0%| F|  |TAMS 0x00000000e3a00000, 0x00000000e3a00000| Untracked 
|  59|0x00000000e3b00000, 0x00000000e3b00000, 0x00000000e3c00000|  0%| F|  |TAMS 0x00000000e3b00000, 0x00000000e3b00000| Untracked 
|  60|0x00000000e3c00000, 0x00000000e3c00000, 0x00000000e3d00000|  0%| F|  |TAMS 0x00000000e3c00000, 0x00000000e3c00000| Untracked 
|  61|0x00000000e3d00000, 0x00000000e3d00000, 0x00000000e3e00000|  0%| F|  |TAMS 0x00000000e3d00000, 0x00000000e3d00000| Untracked 
|  62|0x00000000e3e00000, 0x00000000e3e00000, 0x00000000e3f00000|  0%| F|  |TAMS 0x00000000e3e00000, 0x00000000e3e00000| Untracked 
|  63|0x00000000e3f00000, 0x00000000e3f00000, 0x00000000e4000000|  0%| F|  |TAMS 0x00000000e3f00000, 0x00000000e3f00000| Untracked 
|  64|0x00000000e4000000, 0x00000000e4000000, 0x00000000e4100000|  0%| F|  |TAMS 0x00000000e4000000, 0x00000000e4000000| Untracked 
|  65|0x00000000e4100000, 0x00000000e4100000, 0x00000000e4200000|  0%| F|  |TAMS 0x00000000e4100000, 0x00000000e4100000| Untracked 
|  66|0x00000000e4200000, 0x00000000e4200000, 0x00000000e4300000|  0%| F|  |TAMS 0x00000000e4200000, 0x00000000e4200000| Untracked 
|  67|0x00000000e4300000, 0x00000000e4300000, 0x00000000e4400000|  0%| F|  |TAMS 0x00000000e4300000, 0x00000000e4300000| Untracked 
|  68|0x00000000e4400000, 0x00000000e4400000, 0x00000000e4500000|  0%| F|  |TAMS 0x00000000e4400000, 0x00000000e4400000| Untracked 
|  69|0x00000000e4500000, 0x00000000e4500000, 0x00000000e4600000|  0%| F|  |TAMS 0x00000000e4500000, 0x00000000e4500000| Untracked 
|  70|0x00000000e4600000, 0x00000000e4600000, 0x00000000e4700000|  0%| F|  |TAMS 0x00000000e4600000, 0x00000000e4600000| Untracked 
|  71|0x00000000e4700000, 0x00000000e4700000, 0x00000000e4800000|  0%| F|  |TAMS 0x00000000e4700000, 0x00000000e4700000| Untracked 
|  72|0x00000000e4800000, 0x00000000e4800000, 0x00000000e4900000|  0%| F|  |TAMS 0x00000000e4800000, 0x00000000e4800000| Untracked 
|  73|0x00000000e4900000, 0x00000000e4900000, 0x00000000e4a00000|  0%| F|  |TAMS 0x00000000e4900000, 0x00000000e4900000| Untracked 
|  74|0x00000000e4a00000, 0x00000000e4a00000, 0x00000000e4b00000|  0%| F|  |TAMS 0x00000000e4a00000, 0x00000000e4a00000| Untracked 
|  75|0x00000000e4b00000, 0x00000000e4b00000, 0x00000000e4c00000|  0%| F|  |TAMS 0x00000000e4b00000, 0x00000000e4b00000| Untracked 
|  76|0x00000000e4c00000, 0x00000000e4c00000, 0x00000000e4d00000|  0%| F|  |TAMS 0x00000000e4c00000, 0x00000000e4c00000| Untracked 
|  77|0x00000000e4d00000, 0x00000000e4d00000, 0x00000000e4e00000|  0%| F|  |TAMS 0x00000000e4d00000, 0x00000000e4d00000| Untracked 
|  78|0x00000000e4e00000, 0x00000000e4e00000, 0x00000000e4f00000|  0%| F|  |TAMS 0x00000000e4e00000, 0x00000000e4e00000| Untracked 
|  79|0x00000000e4f00000, 0x00000000e4f00000, 0x00000000e5000000|  0%| F|  |TAMS 0x00000000e4f00000, 0x00000000e4f00000| Untracked 
|  80|0x00000000e5000000, 0x00000000e5000000, 0x00000000e5100000|  0%| F|  |TAMS 0x00000000e5000000, 0x00000000e5000000| Untracked 
|  81|0x00000000e5100000, 0x00000000e5100000, 0x00000000e5200000|  0%| F|  |TAMS 0x00000000e5100000, 0x00000000e5100000| Untracked 
|  82|0x00000000e5200000, 0x00000000e5200000, 0x00000000e5300000|  0%| F|  |TAMS 0x00000000e5200000, 0x00000000e5200000| Untracked 
|  83|0x00000000e5300000, 0x00000000e5300000, 0x00000000e5400000|  0%| F|  |TAMS 0x00000000e5300000, 0x00000000e5300000| Untracked 
|  84|0x00000000e5400000, 0x00000000e5400000, 0x00000000e5500000|  0%| F|  |TAMS 0x00000000e5400000, 0x00000000e5400000| Untracked 
|  85|0x00000000e5500000, 0x00000000e5500000, 0x00000000e5600000|  0%| F|  |TAMS 0x00000000e5500000, 0x00000000e5500000| Untracked 
|  86|0x00000000e5600000, 0x00000000e5600000, 0x00000000e5700000|  0%| F|  |TAMS 0x00000000e5600000, 0x00000000e5600000| Untracked 
|  87|0x00000000e5700000, 0x00000000e5700000, 0x00000000e5800000|  0%| F|  |TAMS 0x00000000e5700000, 0x00000000e5700000| Untracked 
|  88|0x00000000e5800000, 0x00000000e5800000, 0x00000000e5900000|  0%| F|  |TAMS 0x00000000e5800000, 0x00000000e5800000| Untracked 
|  89|0x00000000e5900000, 0x00000000e5900000, 0x00000000e5a00000|  0%| F|  |TAMS 0x00000000e5900000, 0x00000000e5900000| Untracked 
|  90|0x00000000e5a00000, 0x00000000e5a00000, 0x00000000e5b00000|  0%| F|  |TAMS 0x00000000e5a00000, 0x00000000e5a00000| Untracked 
|  91|0x00000000e5b00000, 0x00000000e5b00000, 0x00000000e5c00000|  0%| F|  |TAMS 0x00000000e5b00000, 0x00000000e5b00000| Untracked 
|  92|0x00000000e5c00000, 0x00000000e5c00000, 0x00000000e5d00000|  0%| F|  |TAMS 0x00000000e5c00000, 0x00000000e5c00000| Untracked 
|  93|0x00000000e5d00000, 0x00000000e5d00000, 0x00000000e5e00000|  0%| F|  |TAMS 0x00000000e5d00000, 0x00000000e5d00000| Untracked 
|  94|0x00000000e5e00000, 0x00000000e5e00000, 0x00000000e5f00000|  0%| F|  |TAMS 0x00000000e5e00000, 0x00000000e5e00000| Untracked 
|  95|0x00000000e5f00000, 0x00000000e5f00000, 0x00000000e6000000|  0%| F|  |TAMS 0x00000000e5f00000, 0x00000000e5f00000| Untracked 
|  96|0x00000000e6000000, 0x00000000e6000000, 0x00000000e6100000|  0%| F|  |TAMS 0x00000000e6000000, 0x00000000e6000000| Untracked 
|  97|0x00000000e6100000, 0x00000000e6100000, 0x00000000e6200000|  0%| F|  |TAMS 0x00000000e6100000, 0x00000000e6100000| Untracked 
|  98|0x00000000e6200000, 0x00000000e6200000, 0x00000000e6300000|  0%| F|  |TAMS 0x00000000e6200000, 0x00000000e6200000| Untracked 
|  99|0x00000000e6300000, 0x00000000e6300000, 0x00000000e6400000|  0%| F|  |TAMS 0x00000000e6300000, 0x00000000e6300000| Untracked 
| 100|0x00000000e6400000, 0x00000000e6400000, 0x00000000e6500000|  0%| F|  |TAMS 0x00000000e6400000, 0x00000000e6400000| Untracked 
| 101|0x00000000e6500000, 0x00000000e6500000, 0x00000000e6600000|  0%| F|  |TAMS 0x00000000e6500000, 0x00000000e6500000| Untracked 
| 102|0x00000000e6600000, 0x00000000e6600000, 0x00000000e6700000|  0%| F|  |TAMS 0x00000000e6600000, 0x00000000e6600000| Untracked 
| 103|0x00000000e6700000, 0x00000000e6700000, 0x00000000e6800000|  0%| F|  |TAMS 0x00000000e6700000, 0x00000000e6700000| Untracked 
| 104|0x00000000e6800000, 0x00000000e6800000, 0x00000000e6900000|  0%| F|  |TAMS 0x00000000e6800000, 0x00000000e6800000| Untracked 
| 105|0x00000000e6900000, 0x00000000e6900000, 0x00000000e6a00000|  0%| F|  |TAMS 0x00000000e6900000, 0x00000000e6900000| Untracked 
| 106|0x00000000e6a00000, 0x00000000e6a00000, 0x00000000e6b00000|  0%| F|  |TAMS 0x00000000e6a00000, 0x00000000e6a00000| Untracked 
| 107|0x00000000e6b00000, 0x00000000e6b00000, 0x00000000e6c00000|  0%| F|  |TAMS 0x00000000e6b00000, 0x00000000e6b00000| Untracked 
| 108|0x00000000e6c00000, 0x00000000e6c00000, 0x00000000e6d00000|  0%| F|  |TAMS 0x00000000e6c00000, 0x00000000e6c00000| Untracked 
| 109|0x00000000e6d00000, 0x00000000e6d00000, 0x00000000e6e00000|  0%| F|  |TAMS 0x00000000e6d00000, 0x00000000e6d00000| Untracked 
| 110|0x00000000e6e00000, 0x00000000e6e00000, 0x00000000e6f00000|  0%| F|  |TAMS 0x00000000e6e00000, 0x00000000e6e00000| Untracked 
| 111|0x00000000e6f00000, 0x00000000e6f00000, 0x00000000e7000000|  0%| F|  |TAMS 0x00000000e6f00000, 0x00000000e6f00000| Untracked 
| 112|0x00000000e7000000, 0x00000000e7000000, 0x00000000e7100000|  0%| F|  |TAMS 0x00000000e7000000, 0x00000000e7000000| Untracked 
| 113|0x00000000e7100000, 0x00000000e7100000, 0x00000000e7200000|  0%| F|  |TAMS 0x00000000e7100000, 0x00000000e7100000| Untracked 
| 114|0x00000000e7200000, 0x00000000e7200000, 0x00000000e7300000|  0%| F|  |TAMS 0x00000000e7200000, 0x00000000e7200000| Untracked 
| 115|0x00000000e7300000, 0x00000000e7300000, 0x00000000e7400000|  0%| F|  |TAMS 0x00000000e7300000, 0x00000000e7300000| Untracked 
| 116|0x00000000e7400000, 0x00000000e7400000, 0x00000000e7500000|  0%| F|  |TAMS 0x00000000e7400000, 0x00000000e7400000| Untracked 
| 117|0x00000000e7500000, 0x00000000e7500000, 0x00000000e7600000|  0%| F|  |TAMS 0x00000000e7500000, 0x00000000e7500000| Untracked 
| 118|0x00000000e7600000, 0x00000000e7600000, 0x00000000e7700000|  0%| F|  |TAMS 0x00000000e7600000, 0x00000000e7600000| Untracked 
| 119|0x00000000e7700000, 0x00000000e7700000, 0x00000000e7800000|  0%| F|  |TAMS 0x00000000e7700000, 0x00000000e7700000| Untracked 
| 120|0x00000000e7800000, 0x00000000e7800000, 0x00000000e7900000|  0%| F|  |TAMS 0x00000000e7800000, 0x00000000e7800000| Untracked 
| 121|0x00000000e7900000, 0x00000000e7900000, 0x00000000e7a00000|  0%| F|  |TAMS 0x00000000e7900000, 0x00000000e7900000| Untracked 
| 122|0x00000000e7a00000, 0x00000000e7a00000, 0x00000000e7b00000|  0%| F|  |TAMS 0x00000000e7a00000, 0x00000000e7a00000| Untracked 
| 123|0x00000000e7b00000, 0x00000000e7b00000, 0x00000000e7c00000|  0%| F|  |TAMS 0x00000000e7b00000, 0x00000000e7b00000| Untracked 
| 124|0x00000000e7c00000, 0x00000000e7c00000, 0x00000000e7d00000|  0%| F|  |TAMS 0x00000000e7c00000, 0x00000000e7c00000| Untracked 
| 125|0x00000000e7d00000, 0x00000000e7d00000, 0x00000000e7e00000|  0%| F|  |TAMS 0x00000000e7d00000, 0x00000000e7d00000| Untracked 
| 126|0x00000000e7e00000, 0x00000000e7e00000, 0x00000000e7f00000|  0%| F|  |TAMS 0x00000000e7e00000, 0x00000000e7e00000| Untracked 
| 127|0x00000000e7f00000, 0x00000000e7f00000, 0x00000000e8000000|  0%| F|  |TAMS 0x00000000e7f00000, 0x00000000e7f00000| Untracked 
| 128|0x00000000e8000000, 0x00000000e8000000, 0x00000000e8100000|  0%| F|  |TAMS 0x00000000e8000000, 0x00000000e8000000| Untracked 
| 129|0x00000000e8100000, 0x00000000e8100000, 0x00000000e8200000|  0%| F|  |TAMS 0x00000000e8100000, 0x00000000e8100000| Untracked 
| 130|0x00000000e8200000, 0x00000000e8200000, 0x00000000e8300000|  0%| F|  |TAMS 0x00000000e8200000, 0x00000000e8200000| Untracked 
| 131|0x00000000e8300000, 0x00000000e8300000, 0x00000000e8400000|  0%| F|  |TAMS 0x00000000e8300000, 0x00000000e8300000| Untracked 
| 132|0x00000000e8400000, 0x00000000e8400000, 0x00000000e8500000|  0%| F|  |TAMS 0x00000000e8400000, 0x00000000e8400000| Untracked 
| 133|0x00000000e8500000, 0x00000000e8500000, 0x00000000e8600000|  0%| F|  |TAMS 0x00000000e8500000, 0x00000000e8500000| Untracked 
| 134|0x00000000e8600000, 0x00000000e8600000, 0x00000000e8700000|  0%| F|  |TAMS 0x00000000e8600000, 0x00000000e8600000| Untracked 
| 135|0x00000000e8700000, 0x00000000e8786420, 0x00000000e8800000| 52%| S|CS|TAMS 0x00000000e8700000, 0x00000000e8700000| Complete 
| 136|0x00000000e8800000, 0x00000000e8900000, 0x00000000e8900000|100%| S|CS|TAMS 0x00000000e8800000, 0x00000000e8800000| Complete 
| 137|0x00000000e8900000, 0x00000000e8a00000, 0x00000000e8a00000|100%| S|CS|TAMS 0x00000000e8900000, 0x00000000e8900000| Complete 
| 138|0x00000000e8a00000, 0x00000000e8b00000, 0x00000000e8b00000|100%| S|CS|TAMS 0x00000000e8a00000, 0x00000000e8a00000| Complete 
| 139|0x00000000e8b00000, 0x00000000e8c00000, 0x00000000e8c00000|100%| S|CS|TAMS 0x00000000e8b00000, 0x00000000e8b00000| Complete 
| 140|0x00000000e8c00000, 0x00000000e8d00000, 0x00000000e8d00000|100%| S|CS|TAMS 0x00000000e8c00000, 0x00000000e8c00000| Complete 
| 141|0x00000000e8d00000, 0x00000000e8e00000, 0x00000000e8e00000|100%| S|CS|TAMS 0x00000000e8d00000, 0x00000000e8d00000| Complete 
| 142|0x00000000e8e00000, 0x00000000e8f00000, 0x00000000e8f00000|100%| S|CS|TAMS 0x00000000e8e00000, 0x00000000e8e00000| Complete 
| 143|0x00000000e8f00000, 0x00000000e9000000, 0x00000000e9000000|100%| S|CS|TAMS 0x00000000e8f00000, 0x00000000e8f00000| Complete 
| 144|0x00000000e9000000, 0x00000000e9100000, 0x00000000e9100000|100%| S|CS|TAMS 0x00000000e9000000, 0x00000000e9000000| Complete 
| 145|0x00000000e9100000, 0x00000000e9200000, 0x00000000e9200000|100%| S|CS|TAMS 0x00000000e9100000, 0x00000000e9100000| Complete 
| 146|0x00000000e9200000, 0x00000000e9300000, 0x00000000e9300000|100%| S|CS|TAMS 0x00000000e9200000, 0x00000000e9200000| Complete 
| 147|0x00000000e9300000, 0x00000000e9300000, 0x00000000e9400000|  0%| F|  |TAMS 0x00000000e9300000, 0x00000000e9300000| Untracked 
| 148|0x00000000e9400000, 0x00000000e9400000, 0x00000000e9500000|  0%| F|  |TAMS 0x00000000e9400000, 0x00000000e9400000| Untracked 
| 149|0x00000000e9500000, 0x00000000e9500000, 0x00000000e9600000|  0%| F|  |TAMS 0x00000000e9500000, 0x00000000e9500000| Untracked 
| 150|0x00000000e9600000, 0x00000000e9600000, 0x00000000e9700000|  0%| F|  |TAMS 0x00000000e9600000, 0x00000000e9600000| Untracked 
| 151|0x00000000e9700000, 0x00000000e9700000, 0x00000000e9800000|  0%| F|  |TAMS 0x00000000e9700000, 0x00000000e9700000| Untracked 
| 152|0x00000000e9800000, 0x00000000e9800000, 0x00000000e9900000|  0%| F|  |TAMS 0x00000000e9800000, 0x00000000e9800000| Untracked 
| 153|0x00000000e9900000, 0x00000000e9900000, 0x00000000e9a00000|  0%| F|  |TAMS 0x00000000e9900000, 0x00000000e9900000| Untracked 
| 154|0x00000000e9a00000, 0x00000000e9a00000, 0x00000000e9b00000|  0%| F|  |TAMS 0x00000000e9a00000, 0x00000000e9a00000| Untracked 
| 155|0x00000000e9b00000, 0x00000000e9b00000, 0x00000000e9c00000|  0%| F|  |TAMS 0x00000000e9b00000, 0x00000000e9b00000| Untracked 
| 156|0x00000000e9c00000, 0x00000000e9c00000, 0x00000000e9d00000|  0%| F|  |TAMS 0x00000000e9c00000, 0x00000000e9c00000| Untracked 
| 157|0x00000000e9d00000, 0x00000000e9d00000, 0x00000000e9e00000|  0%| F|  |TAMS 0x00000000e9d00000, 0x00000000e9d00000| Untracked 
| 158|0x00000000e9e00000, 0x00000000e9e00000, 0x00000000e9f00000|  0%| F|  |TAMS 0x00000000e9e00000, 0x00000000e9e00000| Untracked 
| 159|0x00000000e9f00000, 0x00000000e9f00000, 0x00000000ea000000|  0%| F|  |TAMS 0x00000000e9f00000, 0x00000000e9f00000| Untracked 
| 160|0x00000000ea000000, 0x00000000ea000000, 0x00000000ea100000|  0%| F|  |TAMS 0x00000000ea000000, 0x00000000ea000000| Untracked 
| 161|0x00000000ea100000, 0x00000000ea100000, 0x00000000ea200000|  0%| F|  |TAMS 0x00000000ea100000, 0x00000000ea100000| Untracked 
| 162|0x00000000ea200000, 0x00000000ea200000, 0x00000000ea300000|  0%| F|  |TAMS 0x00000000ea200000, 0x00000000ea200000| Untracked 
| 163|0x00000000ea300000, 0x00000000ea300000, 0x00000000ea400000|  0%| F|  |TAMS 0x00000000ea300000, 0x00000000ea300000| Untracked 
| 164|0x00000000ea400000, 0x00000000ea400000, 0x00000000ea500000|  0%| F|  |TAMS 0x00000000ea400000, 0x00000000ea400000| Untracked 
| 165|0x00000000ea500000, 0x00000000ea500000, 0x00000000ea600000|  0%| F|  |TAMS 0x00000000ea500000, 0x00000000ea500000| Untracked 
| 166|0x00000000ea600000, 0x00000000ea600000, 0x00000000ea700000|  0%| F|  |TAMS 0x00000000ea600000, 0x00000000ea600000| Untracked 
| 167|0x00000000ea700000, 0x00000000ea700000, 0x00000000ea800000|  0%| F|  |TAMS 0x00000000ea700000, 0x00000000ea700000| Untracked 
| 168|0x00000000ea800000, 0x00000000ea800000, 0x00000000ea900000|  0%| F|  |TAMS 0x00000000ea800000, 0x00000000ea800000| Untracked 
| 169|0x00000000ea900000, 0x00000000ea900000, 0x00000000eaa00000|  0%| F|  |TAMS 0x00000000ea900000, 0x00000000ea900000| Untracked 
| 170|0x00000000eaa00000, 0x00000000eaa00000, 0x00000000eab00000|  0%| F|  |TAMS 0x00000000eaa00000, 0x00000000eaa00000| Untracked 
| 171|0x00000000eab00000, 0x00000000eab00000, 0x00000000eac00000|  0%| F|  |TAMS 0x00000000eab00000, 0x00000000eab00000| Untracked 
| 172|0x00000000eac00000, 0x00000000eac00000, 0x00000000ead00000|  0%| F|  |TAMS 0x00000000eac00000, 0x00000000eac00000| Untracked 
| 173|0x00000000ead00000, 0x00000000ead00000, 0x00000000eae00000|  0%| F|  |TAMS 0x00000000ead00000, 0x00000000ead00000| Untracked 
| 174|0x00000000eae00000, 0x00000000eae00000, 0x00000000eaf00000|  0%| F|  |TAMS 0x00000000eae00000, 0x00000000eae00000| Untracked 
| 175|0x00000000eaf00000, 0x00000000eaf00000, 0x00000000eb000000|  0%| F|  |TAMS 0x00000000eaf00000, 0x00000000eaf00000| Untracked 
| 176|0x00000000eb000000, 0x00000000eb000000, 0x00000000eb100000|  0%| F|  |TAMS 0x00000000eb000000, 0x00000000eb000000| Untracked 
| 177|0x00000000eb100000, 0x00000000eb100000, 0x00000000eb200000|  0%| F|  |TAMS 0x00000000eb100000, 0x00000000eb100000| Untracked 
| 178|0x00000000eb200000, 0x00000000eb200000, 0x00000000eb300000|  0%| F|  |TAMS 0x00000000eb200000, 0x00000000eb200000| Untracked 
| 179|0x00000000eb300000, 0x00000000eb300000, 0x00000000eb400000|  0%| F|  |TAMS 0x00000000eb300000, 0x00000000eb300000| Untracked 
| 180|0x00000000eb400000, 0x00000000eb400000, 0x00000000eb500000|  0%| F|  |TAMS 0x00000000eb400000, 0x00000000eb400000| Untracked 
| 181|0x00000000eb500000, 0x00000000eb500000, 0x00000000eb600000|  0%| F|  |TAMS 0x00000000eb500000, 0x00000000eb500000| Untracked 
| 182|0x00000000eb600000, 0x00000000eb600000, 0x00000000eb700000|  0%| F|  |TAMS 0x00000000eb600000, 0x00000000eb600000| Untracked 
| 183|0x00000000eb700000, 0x00000000eb700000, 0x00000000eb800000|  0%| F|  |TAMS 0x00000000eb700000, 0x00000000eb700000| Untracked 
| 184|0x00000000eb800000, 0x00000000eb800000, 0x00000000eb900000|  0%| F|  |TAMS 0x00000000eb800000, 0x00000000eb800000| Untracked 
| 185|0x00000000eb900000, 0x00000000eb900000, 0x00000000eba00000|  0%| F|  |TAMS 0x00000000eb900000, 0x00000000eb900000| Untracked 
| 186|0x00000000eba00000, 0x00000000eba00000, 0x00000000ebb00000|  0%| F|  |TAMS 0x00000000eba00000, 0x00000000eba00000| Untracked 
| 187|0x00000000ebb00000, 0x00000000ebb00000, 0x00000000ebc00000|  0%| F|  |TAMS 0x00000000ebb00000, 0x00000000ebb00000| Untracked 
| 188|0x00000000ebc00000, 0x00000000ebc00000, 0x00000000ebd00000|  0%| F|  |TAMS 0x00000000ebc00000, 0x00000000ebc00000| Untracked 
| 189|0x00000000ebd00000, 0x00000000ebd00000, 0x00000000ebe00000|  0%| F|  |TAMS 0x00000000ebd00000, 0x00000000ebd00000| Untracked 
| 190|0x00000000ebe00000, 0x00000000ebe00000, 0x00000000ebf00000|  0%| F|  |TAMS 0x00000000ebe00000, 0x00000000ebe00000| Untracked 
| 191|0x00000000ebf00000, 0x00000000ebf00000, 0x00000000ec000000|  0%| F|  |TAMS 0x00000000ebf00000, 0x00000000ebf00000| Untracked 
| 192|0x00000000ec000000, 0x00000000ec000000, 0x00000000ec100000|  0%| F|  |TAMS 0x00000000ec000000, 0x00000000ec000000| Untracked 
| 193|0x00000000ec100000, 0x00000000ec100000, 0x00000000ec200000|  0%| F|  |TAMS 0x00000000ec100000, 0x00000000ec100000| Untracked 
| 194|0x00000000ec200000, 0x00000000ec200000, 0x00000000ec300000|  0%| F|  |TAMS 0x00000000ec200000, 0x00000000ec200000| Untracked 
| 195|0x00000000ec300000, 0x00000000ec300000, 0x00000000ec400000|  0%| F|  |TAMS 0x00000000ec300000, 0x00000000ec300000| Untracked 
| 196|0x00000000ec400000, 0x00000000ec400000, 0x00000000ec500000|  0%| F|  |TAMS 0x00000000ec400000, 0x00000000ec400000| Untracked 
| 197|0x00000000ec500000, 0x00000000ec500000, 0x00000000ec600000|  0%| F|  |TAMS 0x00000000ec500000, 0x00000000ec500000| Untracked 
| 198|0x00000000ec600000, 0x00000000ec600000, 0x00000000ec700000|  0%| F|  |TAMS 0x00000000ec600000, 0x00000000ec600000| Untracked 
| 199|0x00000000ec700000, 0x00000000ec700000, 0x00000000ec800000|  0%| F|  |TAMS 0x00000000ec700000, 0x00000000ec700000| Untracked 
| 200|0x00000000ec800000, 0x00000000ec800000, 0x00000000ec900000|  0%| F|  |TAMS 0x00000000ec800000, 0x00000000ec800000| Untracked 
| 201|0x00000000ec900000, 0x00000000ec900000, 0x00000000eca00000|  0%| F|  |TAMS 0x00000000ec900000, 0x00000000ec900000| Untracked 
| 202|0x00000000eca00000, 0x00000000eca00000, 0x00000000ecb00000|  0%| F|  |TAMS 0x00000000eca00000, 0x00000000eca00000| Untracked 
| 203|0x00000000ecb00000, 0x00000000ecb00000, 0x00000000ecc00000|  0%| F|  |TAMS 0x00000000ecb00000, 0x00000000ecb00000| Untracked 
| 204|0x00000000ecc00000, 0x00000000ecc00000, 0x00000000ecd00000|  0%| F|  |TAMS 0x00000000ecc00000, 0x00000000ecc00000| Untracked 
| 205|0x00000000ecd00000, 0x00000000ecd00000, 0x00000000ece00000|  0%| F|  |TAMS 0x00000000ecd00000, 0x00000000ecd00000| Untracked 
| 206|0x00000000ece00000, 0x00000000ece00000, 0x00000000ecf00000|  0%| F|  |TAMS 0x00000000ece00000, 0x00000000ece00000| Untracked 
| 207|0x00000000ecf00000, 0x00000000ecf00000, 0x00000000ed000000|  0%| F|  |TAMS 0x00000000ecf00000, 0x00000000ecf00000| Untracked 
| 208|0x00000000ed000000, 0x00000000ed000000, 0x00000000ed100000|  0%| F|  |TAMS 0x00000000ed000000, 0x00000000ed000000| Untracked 
| 209|0x00000000ed100000, 0x00000000ed100000, 0x00000000ed200000|  0%| F|  |TAMS 0x00000000ed100000, 0x00000000ed100000| Untracked 
| 210|0x00000000ed200000, 0x00000000ed200000, 0x00000000ed300000|  0%| F|  |TAMS 0x00000000ed200000, 0x00000000ed200000| Untracked 
| 211|0x00000000ed300000, 0x00000000ed300000, 0x00000000ed400000|  0%| F|  |TAMS 0x00000000ed300000, 0x00000000ed300000| Untracked 
| 212|0x00000000ed400000, 0x00000000ed400000, 0x00000000ed500000|  0%| F|  |TAMS 0x00000000ed400000, 0x00000000ed400000| Untracked 
| 213|0x00000000ed500000, 0x00000000ed500000, 0x00000000ed600000|  0%| F|  |TAMS 0x00000000ed500000, 0x00000000ed500000| Untracked 
| 214|0x00000000ed600000, 0x00000000ed600000, 0x00000000ed700000|  0%| F|  |TAMS 0x00000000ed600000, 0x00000000ed600000| Untracked 
| 215|0x00000000ed700000, 0x00000000ed700000, 0x00000000ed800000|  0%| F|  |TAMS 0x00000000ed700000, 0x00000000ed700000| Untracked 
| 216|0x00000000ed800000, 0x00000000ed800000, 0x00000000ed900000|  0%| F|  |TAMS 0x00000000ed800000, 0x00000000ed800000| Untracked 
| 217|0x00000000ed900000, 0x00000000ed900000, 0x00000000eda00000|  0%| F|  |TAMS 0x00000000ed900000, 0x00000000ed900000| Untracked 
| 218|0x00000000eda00000, 0x00000000eda00000, 0x00000000edb00000|  0%| F|  |TAMS 0x00000000eda00000, 0x00000000eda00000| Untracked 
| 219|0x00000000edb00000, 0x00000000edb00000, 0x00000000edc00000|  0%| F|  |TAMS 0x00000000edb00000, 0x00000000edb00000| Untracked 
| 220|0x00000000edc00000, 0x00000000edc00000, 0x00000000edd00000|  0%| F|  |TAMS 0x00000000edc00000, 0x00000000edc00000| Untracked 
| 221|0x00000000edd00000, 0x00000000edd00000, 0x00000000ede00000|  0%| F|  |TAMS 0x00000000edd00000, 0x00000000edd00000| Untracked 
| 222|0x00000000ede00000, 0x00000000ede00000, 0x00000000edf00000|  0%| F|  |TAMS 0x00000000ede00000, 0x00000000ede00000| Untracked 
| 223|0x00000000edf00000, 0x00000000edf00000, 0x00000000ee000000|  0%| F|  |TAMS 0x00000000edf00000, 0x00000000edf00000| Untracked 
| 224|0x00000000ee000000, 0x00000000ee000000, 0x00000000ee100000|  0%| F|  |TAMS 0x00000000ee000000, 0x00000000ee000000| Untracked 
| 225|0x00000000ee100000, 0x00000000ee100000, 0x00000000ee200000|  0%| F|  |TAMS 0x00000000ee100000, 0x00000000ee100000| Untracked 
| 226|0x00000000ee200000, 0x00000000ee200000, 0x00000000ee300000|  0%| F|  |TAMS 0x00000000ee200000, 0x00000000ee200000| Untracked 
| 227|0x00000000ee300000, 0x00000000ee300000, 0x00000000ee400000|  0%| F|  |TAMS 0x00000000ee300000, 0x00000000ee300000| Untracked 
| 228|0x00000000ee400000, 0x00000000ee400000, 0x00000000ee500000|  0%| F|  |TAMS 0x00000000ee400000, 0x00000000ee400000| Untracked 
| 229|0x00000000ee500000, 0x00000000ee500000, 0x00000000ee600000|  0%| F|  |TAMS 0x00000000ee500000, 0x00000000ee500000| Untracked 
| 230|0x00000000ee600000, 0x00000000ee600000, 0x00000000ee700000|  0%| F|  |TAMS 0x00000000ee600000, 0x00000000ee600000| Untracked 
| 231|0x00000000ee700000, 0x00000000ee700000, 0x00000000ee800000|  0%| F|  |TAMS 0x00000000ee700000, 0x00000000ee700000| Untracked 
| 232|0x00000000ee800000, 0x00000000ee800000, 0x00000000ee900000|  0%| F|  |TAMS 0x00000000ee800000, 0x00000000ee800000| Untracked 
| 233|0x00000000ee900000, 0x00000000ee900000, 0x00000000eea00000|  0%| F|  |TAMS 0x00000000ee900000, 0x00000000ee900000| Untracked 
| 234|0x00000000eea00000, 0x00000000eea00000, 0x00000000eeb00000|  0%| F|  |TAMS 0x00000000eea00000, 0x00000000eea00000| Untracked 
| 235|0x00000000eeb00000, 0x00000000eeb00000, 0x00000000eec00000|  0%| F|  |TAMS 0x00000000eeb00000, 0x00000000eeb00000| Untracked 
| 236|0x00000000eec00000, 0x00000000eec00000, 0x00000000eed00000|  0%| F|  |TAMS 0x00000000eec00000, 0x00000000eec00000| Untracked 
| 237|0x00000000eed00000, 0x00000000eed00000, 0x00000000eee00000|  0%| F|  |TAMS 0x00000000eed00000, 0x00000000eed00000| Untracked 
| 238|0x00000000eee00000, 0x00000000eee00000, 0x00000000eef00000|  0%| F|  |TAMS 0x00000000eee00000, 0x00000000eee00000| Untracked 
| 239|0x00000000eef00000, 0x00000000eef00000, 0x00000000ef000000|  0%| F|  |TAMS 0x00000000eef00000, 0x00000000eef00000| Untracked 
| 240|0x00000000ef000000, 0x00000000ef000000, 0x00000000ef100000|  0%| F|  |TAMS 0x00000000ef000000, 0x00000000ef000000| Untracked 
| 241|0x00000000ef100000, 0x00000000ef100000, 0x00000000ef200000|  0%| F|  |TAMS 0x00000000ef100000, 0x00000000ef100000| Untracked 
| 242|0x00000000ef200000, 0x00000000ef200000, 0x00000000ef300000|  0%| F|  |TAMS 0x00000000ef200000, 0x00000000ef200000| Untracked 
| 243|0x00000000ef300000, 0x00000000ef300000, 0x00000000ef400000|  0%| F|  |TAMS 0x00000000ef300000, 0x00000000ef300000| Untracked 
| 244|0x00000000ef400000, 0x00000000ef400000, 0x00000000ef500000|  0%| F|  |TAMS 0x00000000ef400000, 0x00000000ef400000| Untracked 
| 245|0x00000000ef500000, 0x00000000ef500000, 0x00000000ef600000|  0%| F|  |TAMS 0x00000000ef500000, 0x00000000ef500000| Untracked 
| 246|0x00000000ef600000, 0x00000000ef600000, 0x00000000ef700000|  0%| F|  |TAMS 0x00000000ef600000, 0x00000000ef600000| Untracked 
| 247|0x00000000ef700000, 0x00000000ef700000, 0x00000000ef800000|  0%| F|  |TAMS 0x00000000ef700000, 0x00000000ef700000| Untracked 
| 248|0x00000000ef800000, 0x00000000ef800000, 0x00000000ef900000|  0%| F|  |TAMS 0x00000000ef800000, 0x00000000ef800000| Untracked 
| 249|0x00000000ef900000, 0x00000000ef900000, 0x00000000efa00000|  0%| F|  |TAMS 0x00000000ef900000, 0x00000000ef900000| Untracked 
| 250|0x00000000efa00000, 0x00000000efa00000, 0x00000000efb00000|  0%| F|  |TAMS 0x00000000efa00000, 0x00000000efa00000| Untracked 
| 251|0x00000000efb00000, 0x00000000efb00000, 0x00000000efc00000|  0%| F|  |TAMS 0x00000000efb00000, 0x00000000efb00000| Untracked 
| 252|0x00000000efc00000, 0x00000000efd00000, 0x00000000efd00000|100%| E|  |TAMS 0x00000000efc00000, 0x00000000efc00000| Complete 
| 253|0x00000000efd00000, 0x00000000efe00000, 0x00000000efe00000|100%| E|CS|TAMS 0x00000000efd00000, 0x00000000efd00000| Complete 
| 254|0x00000000efe00000, 0x00000000eff00000, 0x00000000eff00000|100%| E|CS|TAMS 0x00000000efe00000, 0x00000000efe00000| Complete 
| 255|0x00000000eff00000, 0x00000000f0000000, 0x00000000f0000000|100%| E|CS|TAMS 0x00000000eff00000, 0x00000000eff00000| Complete 

Card table byte_map: [0x0000021278e60000,0x0000021278f60000] _byte_map_base: 0x0000021278760000

Marking Bits (Prev, Next): (CMBitMap*) 0x000002127687afd0, (CMBitMap*) 0x000002127687af90
 Prev Bits: [0x0000021279860000, 0x000002127a060000)
 Next Bits: [0x0000021279060000, 0x0000021279860000)

Polling page: 0x00000212768e0000

Metaspace:

Usage:
  Non-class:     17.85 MB used.
      Class:      3.08 MB used.
       Both:     20.93 MB used.

Virtual space:
  Non-class space:       64.00 MB reserved,      18.06 MB ( 28%) committed,  1 nodes.
      Class space:      320.00 MB reserved,       3.25 MB (  1%) committed,  1 nodes.
             Both:      384.00 MB reserved,      21.31 MB (  6%) committed. 

Chunk freelists:
   Non-Class:  13.16 MB
       Class:  12.78 MB
        Both:  25.94 MB

MaxMetaspaceSize: 384.00 MB
CompressedClassSpaceSize: 320.00 MB
Initial GC threshold: 21.00 MB
Current GC threshold: 35.12 MB
CDS: on
MetaspaceReclaimPolicy: balanced
 - commit_granule_bytes: 65536.
 - commit_granule_words: 8192.
 - virtual_space_node_default_size: 8388608.
 - enlarge_chunks_in_place: 1.
 - new_chunks_are_fully_committed: 0.
 - uncommit_free_chunks: 1.
 - use_allocation_guard: 0.
 - handle_deallocations: 1.


Internal statistics:

num_allocs_failed_limit: 3.
num_arena_births: 316.
num_arena_deaths: 0.
num_vsnodes_births: 2.
num_vsnodes_deaths: 0.
num_space_committed: 341.
num_space_uncommitted: 0.
num_chunks_returned_to_freelist: 3.
num_chunks_taken_from_freelist: 1101.
num_chunk_merges: 3.
num_chunk_splits: 729.
num_chunks_enlarged: 503.
num_inconsistent_stats: 0.

CodeHeap 'non-profiled nmethods': size=120000Kb used=1566Kb max_used=1566Kb free=118433Kb
 bounds [0x000002120f530000, 0x000002120f7a0000, 0x0000021216a60000]
CodeHeap 'profiled nmethods': size=120000Kb used=5985Kb max_used=5985Kb free=114014Kb
 bounds [0x0000021207a60000, 0x0000021208040000, 0x000002120ef90000]
CodeHeap 'non-nmethods': size=5760Kb used=1256Kb max_used=1305Kb free=4503Kb
 bounds [0x000002120ef90000, 0x000002120f200000, 0x000002120f530000]
 total_blobs=3452 nmethods=2900 adapters=464
 compilation: enabled
              stopped_count=0, restarted_count=0
 full_count=0

Compilation events (20 events):
Event: 24.568 Thread 0x0000021216b7a490 2896       3       org.objectweb.asm.SymbolTable::addConstantNameAndType (137 bytes)
Event: 24.569 Thread 0x0000021216b7a490 nmethod 2896 0x0000021208031c10 code [0x0000021208031e60, 0x0000021208032588]
Event: 24.569 Thread 0x0000021216b7a490 2897       3       org.objectweb.asm.Handler::getExceptionTableSize (10 bytes)
Event: 24.569 Thread 0x0000021216b7a490 nmethod 2897 0x0000021208032990 code [0x0000021208032b40, 0x0000021208032d38]
Event: 24.569 Thread 0x0000021216b7a490 2894       3       org.objectweb.asm.MethodWriter::visitMethodInsn (191 bytes)
Event: 24.570 Thread 0x0000021216b7a490 nmethod 2894 0x0000021208032e90 code [0x00000212080330c0, 0x00000212080338c8]
Event: 24.570 Thread 0x0000021216b7a490 2895       3       org.objectweb.asm.SymbolTable$Entry::<init> (20 bytes)
Event: 24.570 Thread 0x0000021216b7a490 nmethod 2895 0x0000021208033c10 code [0x0000021208033da0, 0x0000021208033ee8]
Event: 24.570 Thread 0x0000021216b7a490 2898       3       jdk.internal.org.objectweb.asm.ClassReader::readShort (27 bytes)
Event: 24.570 Thread 0x0000021216b7a490 nmethod 2898 0x0000021208033f90 code [0x0000021208034120, 0x0000021208034298]
Event: 24.570 Thread 0x0000021216b7a490 2899       3       java.lang.invoke.MethodHandles$Lookup::resolveOrFail (48 bytes)
Event: 24.571 Thread 0x0000021216b7a490 nmethod 2899 0x0000021208034390 code [0x00000212080345c0, 0x0000021208034c68]
Event: 24.571 Thread 0x0000021216b7a490 2900       3       java.lang.invoke.MethodHandles$Lookup::checkMethodName (45 bytes)
Event: 24.571 Thread 0x0000021216b7a490 nmethod 2900 0x0000021208034f10 code [0x0000021208035160, 0x00000212080358a8]
Event: 24.575 Thread 0x0000021216b7a490 2902   !   3       org.gradle.internal.service.ReflectionBasedServiceMethod::invoke (16 bytes)
Event: 24.576 Thread 0x0000021216b7a490 nmethod 2902 0x0000021208035b90 code [0x0000021208035d40, 0x0000021208035ed8]
Event: 24.577 Thread 0x0000021216b7a490 2903   !   3       org.gradle.internal.reflect.JavaMethod::invoke (74 bytes)
Event: 24.578 Thread 0x0000021216b7a490 nmethod 2903 0x0000021208036010 code [0x0000021208036360, 0x00000212080379a8]
Event: 24.581 Thread 0x0000021216b7a490 2904       3       com.google.common.collect.ImmutableCollection::<init> (5 bytes)
Event: 24.581 Thread 0x0000021216b7a490 nmethod 2904 0x0000021208038310 code [0x00000212080384c0, 0x0000021208038678]

GC Heap History (8 events):
Event: 1.585 GC heap before
{Heap before GC invocations=0 (full 0):
 garbage-first heap   total 262144K, used 22528K [0x00000000e0000000, 0x0000000100000000)
  region size 1024K, 23 young (23552K), 0 survivors (0K)
 Metaspace       used 1064K, committed 1216K, reserved 393216K
  class space    used 72K, committed 128K, reserved 327680K
}
Event: 1.706 GC heap after
{Heap after GC invocations=1 (full 0):
 garbage-first heap   total 262144K, used 3900K [0x00000000e0000000, 0x0000000100000000)
  region size 1024K, 3 young (3072K), 3 survivors (3072K)
 Metaspace       used 1064K, committed 1216K, reserved 393216K
  class space    used 72K, committed 128K, reserved 327680K
}
Event: 4.350 GC heap before
{Heap before GC invocations=1 (full 0):
 garbage-first heap   total 262144K, used 39740K [0x00000000e0000000, 0x0000000100000000)
  region size 1024K, 35 young (35840K), 3 survivors (3072K)
 Metaspace       used 4365K, committed 4544K, reserved 393216K
  class space    used 546K, committed 640K, reserved 327680K
}
Event: 4.356 GC heap after
{Heap after GC invocations=2 (full 0):
 garbage-first heap   total 262144K, used 11644K [0x00000000e0000000, 0x0000000100000000)
  region size 1024K, 5 young (5120K), 5 survivors (5120K)
 Metaspace       used 4365K, committed 4544K, reserved 393216K
  class space    used 546K, committed 640K, reserved 327680K
}
Event: 8.891 GC heap before
{Heap before GC invocations=2 (full 0):
 garbage-first heap   total 262144K, used 59772K [0x00000000e0000000, 0x0000000100000000)
  region size 1024K, 50 young (51200K), 5 survivors (5120K)
 Metaspace       used 4817K, committed 4992K, reserved 393216K
  class space    used 622K, committed 704K, reserved 327680K
}
Event: 8.896 GC heap after
{Heap after GC invocations=3 (full 0):
 garbage-first heap   total 262144K, used 17190K [0x00000000e0000000, 0x0000000100000000)
  region size 1024K, 5 young (5120K), 5 survivors (5120K)
 Metaspace       used 4817K, committed 4992K, reserved 393216K
  class space    used 622K, committed 704K, reserved 327680K
}
Event: 24.287 GC heap before
{Heap before GC invocations=3 (full 0):
 garbage-first heap   total 262144K, used 122662K [0x00000000e0000000, 0x0000000100000000)
  region size 1024K, 109 young (111616K), 5 survivors (5120K)
 Metaspace       used 21139K, committed 21504K, reserved 393216K
  class space    used 3083K, committed 3264K, reserved 327680K
}
Event: 24.397 GC heap after
{Heap after GC invocations=4 (full 0):
 garbage-first heap   total 262144K, used 24430K [0x00000000e0000000, 0x0000000100000000)
  region size 1024K, 12 young (12288K), 12 survivors (12288K)
 Metaspace       used 21139K, committed 21504K, reserved 393216K
  class space    used 3083K, committed 3264K, reserved 327680K
}

Dll operation events (15 events):
Event: 0.015 Loaded shared library C:\Users\admin\.jdks\corretto-17.0.11\bin\java.dll
Event: 0.044 Loaded shared library C:\Users\admin\.jdks\corretto-17.0.11\bin\jsvml.dll
Event: 0.201 Loaded shared library C:\Users\admin\.jdks\corretto-17.0.11\bin\zip.dll
Event: 0.207 Loaded shared library C:\Users\admin\.jdks\corretto-17.0.11\bin\instrument.dll
Event: 0.212 Loaded shared library C:\Users\admin\.jdks\corretto-17.0.11\bin\net.dll
Event: 0.214 Loaded shared library C:\Users\admin\.jdks\corretto-17.0.11\bin\nio.dll
Event: 0.218 Loaded shared library C:\Users\admin\.jdks\corretto-17.0.11\bin\zip.dll
Event: 0.971 Loaded shared library C:\Users\admin\.jdks\corretto-17.0.11\bin\jimage.dll
Event: 1.903 Loaded shared library C:\Users\admin\.jdks\corretto-17.0.11\bin\verify.dll
Event: 2.622 Loaded shared library C:\Users\admin\.gradle\native\1def1411415f61bf3af743bc5b6707747c0891f09f0c88961ee8f79bc544acac\windows-amd64\native-platform.dll
Event: 2.715 Loaded shared library C:\Users\admin\.gradle\native\0.2.6\x86_64-windows-gnu\gradle-fileevents.dll
Event: 10.089 Loaded shared library C:\Users\admin\.jdks\corretto-17.0.11\bin\management.dll
Event: 10.129 Loaded shared library C:\Users\admin\.jdks\corretto-17.0.11\bin\management_ext.dll
Event: 12.805 Loaded shared library C:\Users\admin\.jdks\corretto-17.0.11\bin\extnet.dll
Event: 14.092 Loaded shared library C:\Users\admin\.jdks\corretto-17.0.11\bin\sunmscapi.dll

Deoptimization events (20 events):
Event: 18.270 Thread 0x00000212306d50f0 Uncommon trap: trap_request=0xffffff45 fr.pc=0x000002120f54ee14 relative=0x0000000000000b94
Event: 18.270 Thread 0x00000212306d50f0 Uncommon trap: reason=unstable_if action=reinterpret pc=0x000002120f54ee14 method=java.io.WinNTFileSystem.resolve(Ljava/lang/String;Ljava/lang/String;)Ljava/lang/String; @ 19 c2
Event: 18.270 Thread 0x00000212306d50f0 DEOPT PACKING pc=0x000002120f54ee14 sp=0x0000004998afb030
Event: 18.270 Thread 0x00000212306d50f0 DEOPT UNPACKING pc=0x000002120efea1a3 sp=0x0000004998afafd8 mode 2
Event: 18.272 Thread 0x00000212306d50f0 Uncommon trap: trap_request=0xffffff45 fr.pc=0x000002120f5baf54 relative=0x0000000000000614
Event: 18.272 Thread 0x00000212306d50f0 Uncommon trap: reason=unstable_if action=reinterpret pc=0x000002120f5baf54 method=java.io.File.getName()Ljava/lang/String; @ 16 c2
Event: 18.272 Thread 0x00000212306d50f0 DEOPT PACKING pc=0x000002120f5baf54 sp=0x0000004998afafe0
Event: 18.272 Thread 0x00000212306d50f0 DEOPT UNPACKING pc=0x000002120efea1a3 sp=0x0000004998afafb0 mode 2
Event: 22.303 Thread 0x00000212306d50f0 Uncommon trap: trap_request=0xffffff45 fr.pc=0x000002120f679668 relative=0x0000000000000528
Event: 22.303 Thread 0x00000212306d50f0 Uncommon trap: reason=unstable_if action=reinterpret pc=0x000002120f679668 method=java.util.HashMap.getNode(Ljava/lang/Object;)Ljava/util/HashMap$Node; @ 131 c2
Event: 22.303 Thread 0x00000212306d50f0 DEOPT PACKING pc=0x000002120f679668 sp=0x0000004998afabc0
Event: 22.303 Thread 0x00000212306d50f0 DEOPT UNPACKING pc=0x000002120efea1a3 sp=0x0000004998afab40 mode 2
Event: 22.303 Thread 0x00000212306d50f0 Uncommon trap: trap_request=0xffffff45 fr.pc=0x000002120f678928 relative=0x00000000000007c8
Event: 22.303 Thread 0x00000212306d50f0 Uncommon trap: reason=unstable_if action=reinterpret pc=0x000002120f678928 method=java.util.HashMap.putVal(ILjava/lang/Object;Ljava/lang/Object;ZZ)Ljava/lang/Object; @ 206 c2
Event: 22.303 Thread 0x00000212306d50f0 DEOPT PACKING pc=0x000002120f678928 sp=0x0000004998afab30
Event: 22.303 Thread 0x00000212306d50f0 DEOPT UNPACKING pc=0x000002120efea1a3 sp=0x0000004998afaac8 mode 2
Event: 23.065 Thread 0x00000212306d50f0 Uncommon trap: trap_request=0xffffff45 fr.pc=0x000002120f653b44 relative=0x00000000000071e4
Event: 23.065 Thread 0x00000212306d50f0 Uncommon trap: reason=unstable_if action=reinterpret pc=0x000002120f653b44 method=jdk.internal.org.objectweb.asm.Frame.execute(IILjdk/internal/org/objectweb/asm/Symbol;Ljdk/internal/org/objectweb/asm/SymbolTable;)V @ 1 c2
Event: 23.065 Thread 0x00000212306d50f0 DEOPT PACKING pc=0x000002120f653b44 sp=0x0000004998af9810
Event: 23.065 Thread 0x00000212306d50f0 DEOPT UNPACKING pc=0x000002120efea1a3 sp=0x0000004998af97c8 mode 2

Classes unloaded (0 events):
No events

Classes redefined (0 events):
No events

Internal exceptions (20 events):
Event: 23.038 Thread 0x00000212306d50f0 Exception <a 'java/lang/NoSuchMethodError'{0x00000000e9931cc0}: 'java.lang.Object java.lang.invoke.DelegatingMethodHandle$Holder.reinvoke_L(java.lang.Object, java.lang.Object, java.lang.Object, java.lang.Object, java.lang.Object, java.lang.Object, java.lang.Object, java.lang.Object, java.lang.Object, java.lang.Object, java.lang.Object, java.lang.Object, java.lang.Object, java.lang.Object, java.lang.Object, java.lang.Object, java.lang.Object, java.lang.Object, java.lang.Object, java.lang.Object, java.lang.O
Event: 23.047 Thread 0x00000212306d50f0 Exception <a 'java/lang/NoSuchMethodError'{0x00000000e993dd98}: 'java.lang.Object java.lang.invoke.DirectMethodHandle$Holder.invokeSpecial(java.lang.Object, java.lang.Object, java.lang.Object, java.lang.Object, java.lang.Object, java.lang.Object, java.lang.Object, java.lang.Object, java.lang.Object, java.lang.Object, java.lang.Object, java.lang.Object, java.lang.Object, java.lang.Object, java.lang.Object, java.lang.Object, java.lang.Object, java.lang.Object, java.lang.Object, java.lang.Object, java.lang.Ob
Event: 23.048 Thread 0x00000212306d50f0 Exception <a 'java/lang/NoSuchMethodError'{0x00000000e9943a20}: 'java.lang.Object java.lang.invoke.Invokers$Holder.invoker(java.lang.Object, java.lang.Object, java.lang.Object, java.lang.Object, java.lang.Object, java.lang.Object, java.lang.Object, java.lang.Object, java.lang.Object, java.lang.Object, java.lang.Object, java.lang.Object, java.lang.Object, java.lang.Object, java.lang.Object, java.lang.Object, java.lang.Object, java.lang.Object, java.lang.Object, java.lang.Object, java.lang.Object, java.lang.
Event: 23.048 Thread 0x00000212306d50f0 Exception <a 'java/lang/NoSuchMethodError'{0x00000000e994a550}: 'java.lang.Object java.lang.invoke.DelegatingMethodHandle$Holder.delegate(java.lang.Object, java.lang.Object, java.lang.Object, java.lang.Object, java.lang.Object, java.lang.Object, java.lang.Object, java.lang.Object, java.lang.Object, java.lang.Object, java.lang.Object, java.lang.Object, java.lang.Object, java.lang.Object, java.lang.Object, java.lang.Object, java.lang.Object, java.lang.Object, java.lang.Object, java.lang.Object, java.lang.Obj
Event: 23.068 Thread 0x00000212306d50f0 Exception <a 'java/lang/NoSuchMethodError'{0x00000000e99c4f48}: 'java.lang.Object java.lang.invoke.DirectMethodHandle$Holder.invokeStatic(java.lang.Object, java.lang.Object, java.lang.Object, java.lang.Object, java.lang.Object, java.lang.Object, java.lang.Object, java.lang.Object, java.lang.Object, java.lang.Object, java.lang.Object, java.lang.Object, java.lang.Object, java.lang.Object, java.lang.Object, java.lang.Object, java.lang.Object)'> (0x00000000e99c4f48) 
thrown [s\src\hotspot\share\interpreter\lin
Event: 23.080 Thread 0x00000212306d50f0 Exception <a 'java/lang/NoSuchMethodError'{0x00000000e99ee1e8}: 'java.lang.Object java.lang.invoke.DirectMethodHandle$Holder.invokeStatic(java.lang.Object, java.lang.Object, java.lang.Object, java.lang.Object, java.lang.Object, java.lang.Object, java.lang.Object, java.lang.Object, java.lang.Object, java.lang.Object, java.lang.Object, java.lang.Object, java.lang.Object, java.lang.Object, java.lang.Object, java.lang.Object, java.lang.Object, java.lang.Object)'> (0x00000000e99ee1e8) 
thrown [s\src\hotspot\sha
Event: 23.085 Thread 0x00000212306d50f0 Exception <a 'java/lang/NoSuchMethodError'{0x00000000e98191a0}: 'java.lang.Object java.lang.invoke.DirectMethodHandle$Holder.invokeStatic(java.lang.Object, java.lang.Object, java.lang.Object, java.lang.Object, java.lang.Object, java.lang.Object, java.lang.Object, java.lang.Object, java.lang.Object, java.lang.Object, java.lang.Object, java.lang.Object, java.lang.Object, java.lang.Object, java.lang.Object, java.lang.Object, java.lang.Object, java.lang.Object, java.lang.Object)'> (0x00000000e98191a0) 
thrown 
Event: 23.091 Thread 0x00000212306d50f0 Exception <a 'java/lang/NoSuchMethodError'{0x00000000e9844b60}: 'java.lang.Object java.lang.invoke.DirectMethodHandle$Holder.invokeStatic(java.lang.Object, java.lang.Object, java.lang.Object, java.lang.Object, java.lang.Object, java.lang.Object, java.lang.Object, java.lang.Object, java.lang.Object, java.lang.Object, java.lang.Object, java.lang.Object, java.lang.Object, java.lang.Object, java.lang.Object, java.lang.Object, java.lang.Object, java.lang.Object, java.lang.Object, java.lang.Object)'> (0x00000000
Event: 23.096 Thread 0x00000212306d50f0 Exception <a 'java/lang/NoSuchMethodError'{0x00000000e98710f0}: 'java.lang.Object java.lang.invoke.DirectMethodHandle$Holder.invokeStatic(java.lang.Object, java.lang.Object, java.lang.Object, java.lang.Object, java.lang.Object, java.lang.Object, java.lang.Object, java.lang.Object, java.lang.Object, java.lang.Object, java.lang.Object, java.lang.Object, java.lang.Object, java.lang.Object, java.lang.Object, java.lang.Object, java.lang.Object, java.lang.Object, java.lang.Object, java.lang.Object, java.lang.Obj
Event: 23.100 Thread 0x00000212306d50f0 Exception <a 'java/lang/NoSuchMethodError'{0x00000000e989e808}: 'java.lang.Object java.lang.invoke.DirectMethodHandle$Holder.invokeStatic(java.lang.Object, java.lang.Object, java.lang.Object, java.lang.Object, java.lang.Object, java.lang.Object, java.lang.Object, java.lang.Object, java.lang.Object, java.lang.Object, java.lang.Object, java.lang.Object, java.lang.Object, java.lang.Object, java.lang.Object, java.lang.Object, java.lang.Object, java.lang.Object, java.lang.Object, java.lang.Object, java.lang.Obj
Event: 23.111 Thread 0x00000212306d50f0 Exception <a 'java/lang/NoSuchMethodError'{0x00000000e98ccd88}: 'java.lang.Object java.lang.invoke.DirectMethodHandle$Holder.invokeStatic(java.lang.Object, java.lang.Object, java.lang.Object, java.lang.Object, java.lang.Object, java.lang.Object, java.lang.Object, java.lang.Object, java.lang.Object, java.lang.Object, java.lang.Object, java.lang.Object, java.lang.Object, java.lang.Object, java.lang.Object, java.lang.Object, java.lang.Object, java.lang.Object, java.lang.Object, java.lang.Object, java.lang.Obj
Event: 23.120 Thread 0x00000212306d50f0 Exception <a 'java/lang/NoSuchMethodError'{0x00000000e98fbdb8}: 'java.lang.Object java.lang.invoke.DirectMethodHandle$Holder.invokeStatic(java.lang.Object, java.lang.Object, java.lang.Object, java.lang.Object, java.lang.Object, java.lang.Object, java.lang.Object, java.lang.Object, java.lang.Object, java.lang.Object, java.lang.Object, java.lang.Object, java.lang.Object, java.lang.Object, java.lang.Object, java.lang.Object, java.lang.Object, java.lang.Object, java.lang.Object, java.lang.Object, java.lang.Obj
Event: 23.126 Thread 0x00000212306d50f0 Exception <a 'java/lang/NoSuchMethodError'{0x00000000e972cea8}: 'java.lang.Object java.lang.invoke.DirectMethodHandle$Holder.invokeStatic(java.lang.Object, java.lang.Object, java.lang.Object, java.lang.Object, java.lang.Object, java.lang.Object, java.lang.Object, java.lang.Object, java.lang.Object, java.lang.Object, java.lang.Object, java.lang.Object, java.lang.Object, java.lang.Object, java.lang.Object, java.lang.Object, java.lang.Object, java.lang.Object, java.lang.Object, java.lang.Object, java.lang.Obj
Event: 23.130 Thread 0x00000212306d50f0 Exception <a 'java/lang/NoSuchMethodError'{0x00000000e975e920}: 'java.lang.Object java.lang.invoke.DirectMethodHandle$Holder.invokeStatic(java.lang.Object, java.lang.Object, java.lang.Object, java.lang.Object, java.lang.Object, java.lang.Object, java.lang.Object, java.lang.Object, java.lang.Object, java.lang.Object, java.lang.Object, java.lang.Object, java.lang.Object, java.lang.Object, java.lang.Object, java.lang.Object, java.lang.Object, java.lang.Object, java.lang.Object, java.lang.Object, java.lang.Obj
Event: 23.898 Thread 0x00000212306d50f0 Exception <a 'java/lang/NoSuchMethodError'{0x00000000e95103c0}: 'java.lang.Object java.lang.invoke.DirectMethodHandle$Holder.invokeStaticInit(java.lang.Object, java.lang.Object, java.lang.Object, java.lang.Object)'> (0x00000000e95103c0) 
thrown [s\src\hotspot\share\interpreter\linkResolver.cpp, line 759]
Event: 24.101 Thread 0x00000212306d50f0 Exception <a 'java/lang/NoSuchMethodError'{0x00000000e94d50a0}: 'java.lang.Object java.lang.invoke.DirectMethodHandle$Holder.newInvokeSpecial(java.lang.Object, java.lang.Object, java.lang.Object, java.lang.Object, java.lang.Object, java.lang.Object, java.lang.Object, java.lang.Object)'> (0x00000000e94d50a0) 
thrown [s\src\hotspot\share\interpreter\linkResolver.cpp, line 759]
Event: 24.102 Thread 0x00000212306d50f0 Exception <a 'java/lang/NoSuchMethodError'{0x00000000e94daaa8}: 'java.lang.Object java.lang.invoke.DirectMethodHandle$Holder.invokeSpecial(java.lang.Object, java.lang.Object, java.lang.Object, java.lang.Object, java.lang.Object, java.lang.Object, java.lang.Object, java.lang.Object, java.lang.Object)'> (0x00000000e94daaa8) 
thrown [s\src\hotspot\share\interpreter\linkResolver.cpp, line 759]
Event: 24.102 Thread 0x00000212306d50f0 Exception <a 'java/lang/NoSuchMethodError'{0x00000000e94dfe58}: 'java.lang.Object java.lang.invoke.Invokers$Holder.linkToTargetMethod(java.lang.Object, java.lang.Object, java.lang.Object, java.lang.Object, java.lang.Object, java.lang.Object, java.lang.Object, java.lang.Object)'> (0x00000000e94dfe58) 
thrown [s\src\hotspot\share\interpreter\linkResolver.cpp, line 759]
Event: 24.271 Thread 0x00000212306d50f0 Exception <a 'java/lang/NoSuchMethodError'{0x00000000e932efa0}: 'void java.lang.invoke.DirectMethodHandle$Holder.invokeStatic(java.lang.Object, java.lang.Object, java.lang.Object, java.lang.Object)'> (0x00000000e932efa0) 
thrown [s\src\hotspot\share\interpreter\linkResolver.cpp, line 759]
Event: 24.552 Thread 0x00000212306d50f0 Exception <a 'java/lang/NoSuchMethodError'{0x00000000efdbea58}: 'void java.lang.invoke.DirectMethodHandle$Holder.invokeStaticInit(java.lang.Object, java.lang.Object)'> (0x00000000efdbea58) 
thrown [s\src\hotspot\share\interpreter\linkResolver.cpp, line 759]

VM Operations (20 events):
Event: 18.910 Executing VM operation: HandshakeAllThreads
Event: 18.910 Executing VM operation: HandshakeAllThreads done
Event: 18.911 Executing VM operation: HandshakeAllThreads
Event: 18.911 Executing VM operation: HandshakeAllThreads done
Event: 19.915 Executing VM operation: Cleanup
Event: 19.916 Executing VM operation: Cleanup done
Event: 20.920 Executing VM operation: Cleanup
Event: 20.937 Executing VM operation: Cleanup done
Event: 21.945 Executing VM operation: Cleanup
Event: 21.946 Executing VM operation: Cleanup done
Event: 22.957 Executing VM operation: Cleanup
Event: 22.958 Executing VM operation: Cleanup done
Event: 23.967 Executing VM operation: Cleanup
Event: 23.967 Executing VM operation: Cleanup done
Event: 24.287 Executing VM operation: CollectForMetadataAllocation
Event: 24.397 Executing VM operation: CollectForMetadataAllocation done
Event: 24.409 Executing VM operation: G1PauseRemark
Event: 24.419 Executing VM operation: G1PauseRemark done
Event: 24.422 Executing VM operation: G1PauseCleanup
Event: 24.422 Executing VM operation: G1PauseCleanup done

Events (20 events):
Event: 23.083 loading class java/lang/invoke/BoundMethodHandle$Species_LLLLLLLLLLLLLLLL
Event: 23.083 loading class java/lang/invoke/BoundMethodHandle$Species_LLLLLLLLLLLLLLLL done
Event: 23.087 loading class java/lang/invoke/BoundMethodHandle$Species_LLLLLLLLLLLLLLLLL
Event: 23.087 loading class java/lang/invoke/BoundMethodHandle$Species_LLLLLLLLLLLLLLLLL done
Event: 23.094 loading class java/lang/invoke/BoundMethodHandle$Species_LLLLLLLLLLLLLLLLLL
Event: 23.094 loading class java/lang/invoke/BoundMethodHandle$Species_LLLLLLLLLLLLLLLLLL done
Event: 23.098 loading class java/lang/invoke/BoundMethodHandle$Species_LLLLLLLLLLLLLLLLLLL
Event: 23.098 loading class java/lang/invoke/BoundMethodHandle$Species_LLLLLLLLLLLLLLLLLLL done
Event: 23.101 loading class java/lang/invoke/BoundMethodHandle$Species_LLLLLLLLLLLLLLLLLLLL
Event: 23.101 loading class java/lang/invoke/BoundMethodHandle$Species_LLLLLLLLLLLLLLLLLLLL done
Event: 23.112 loading class java/lang/invoke/BoundMethodHandle$Species_LLLLLLLLLLLLLLLLLLLLL
Event: 23.112 loading class java/lang/invoke/BoundMethodHandle$Species_LLLLLLLLLLLLLLLLLLLLL done
Event: 23.122 loading class java/lang/invoke/BoundMethodHandle$Species_LLLLLLLLLLLLLLLLLLLLLL
Event: 23.122 loading class java/lang/invoke/BoundMethodHandle$Species_LLLLLLLLLLLLLLLLLLLLLL done
Event: 23.128 loading class java/lang/invoke/BoundMethodHandle$Species_LLLLLLLLLLLLLLLLLLLLLLL
Event: 23.128 loading class java/lang/invoke/BoundMethodHandle$Species_LLLLLLLLLLLLLLLLLLLLLLL done
Event: 24.075 loading class java/util/concurrent/LinkedBlockingDeque$Itr
Event: 24.096 loading class java/util/concurrent/LinkedBlockingDeque$AbstractItr
Event: 24.103 loading class java/util/concurrent/LinkedBlockingDeque$AbstractItr done
Event: 24.103 loading class java/util/concurrent/LinkedBlockingDeque$Itr done


Dynamic libraries:
0x00007ff649eb0000 - 0x00007ff649ebe000 	C:\Users\admin\.jdks\corretto-17.0.11\bin\java.exe
0x00007ff8563f0000 - 0x00007ff856607000 	C:\WINDOWS\SYSTEM32\ntdll.dll
0x00007ff855460000 - 0x00007ff855524000 	C:\WINDOWS\System32\KERNEL32.DLL
0x00007ff8538d0000 - 0x00007ff853c8a000 	C:\WINDOWS\System32\KERNELBASE.dll
0x00007ff8536b0000 - 0x00007ff8537c1000 	C:\WINDOWS\System32\ucrtbase.dll
0x00007ff846040000 - 0x00007ff846057000 	C:\Users\admin\.jdks\corretto-17.0.11\bin\jli.dll
0x00007ff854800000 - 0x00007ff8549ae000 	C:\WINDOWS\System32\USER32.dll
0x00007ff853e20000 - 0x00007ff853e46000 	C:\WINDOWS\System32\win32u.dll
0x00007ff855240000 - 0x00007ff855269000 	C:\WINDOWS\System32\GDI32.dll
0x00007ff853fc0000 - 0x00007ff8540db000 	C:\WINDOWS\System32\gdi32full.dll
0x00007ff853c90000 - 0x00007ff853d2a000 	C:\WINDOWS\System32\msvcp_win.dll
0x00007ff840f20000 - 0x00007ff840f3b000 	C:\Users\admin\.jdks\corretto-17.0.11\bin\VCRUNTIME140.dll
0x00007ff82ec30000 - 0x00007ff82eec2000 	C:\WINDOWS\WinSxS\amd64_microsoft.windows.common-controls_6595b64144ccf1df_6.0.22621.4541_none_2710d1c57384c085\COMCTL32.dll
0x00007ff856250000 - 0x00007ff8562f7000 	C:\WINDOWS\System32\msvcrt.dll
0x00007ff854480000 - 0x00007ff8544b1000 	C:\WINDOWS\System32\IMM32.DLL
0x00007ff845270000 - 0x00007ff84527c000 	C:\Users\admin\.jdks\corretto-17.0.11\bin\vcruntime140_1.dll
0x00007ff82a9d0000 - 0x00007ff82aa5d000 	C:\Users\admin\.jdks\corretto-17.0.11\bin\msvcp140.dll
0x00007fffc7dc0000 - 0x00007fffc8a22000 	C:\Users\admin\.jdks\corretto-17.0.11\bin\server\jvm.dll
0x00007ff854200000 - 0x00007ff8542b2000 	C:\WINDOWS\System32\ADVAPI32.dll
0x00007ff854670000 - 0x00007ff854717000 	C:\WINDOWS\System32\sechost.dll
0x00007ff853d30000 - 0x00007ff853d58000 	C:\WINDOWS\System32\bcrypt.dll
0x00007ff8540e0000 - 0x00007ff8541f4000 	C:\WINDOWS\System32\RPCRT4.dll
0x00007ff852f80000 - 0x00007ff852fcd000 	C:\WINDOWS\SYSTEM32\POWRPROF.dll
0x00007ff840640000 - 0x00007ff840649000 	C:\WINDOWS\SYSTEM32\WSOCK32.dll
0x00007ff855c30000 - 0x00007ff855ca1000 	C:\WINDOWS\System32\WS2_32.dll
0x00007ff849b90000 - 0x00007ff849bc4000 	C:\WINDOWS\SYSTEM32\WINMM.dll
0x00007ff852330000 - 0x00007ff85233a000 	C:\WINDOWS\SYSTEM32\VERSION.dll
0x00007ff852f10000 - 0x00007ff852f23000 	C:\WINDOWS\SYSTEM32\UMPDC.dll
0x00007ff8526f0000 - 0x00007ff852708000 	C:\WINDOWS\SYSTEM32\kernel.appcore.dll
0x00007ff8451e0000 - 0x00007ff8451ea000 	C:\Users\admin\.jdks\corretto-17.0.11\bin\jimage.dll
0x00007ff850e20000 - 0x00007ff851052000 	C:\WINDOWS\SYSTEM32\DBGHELP.DLL
0x00007ff855d10000 - 0x00007ff8560a1000 	C:\WINDOWS\System32\combase.dll
0x00007ff854720000 - 0x00007ff8547f7000 	C:\WINDOWS\System32\OLEAUT32.dll
0x00007ff848180000 - 0x00007ff8481b2000 	C:\WINDOWS\SYSTEM32\dbgcore.DLL
0x00007ff8537d0000 - 0x00007ff85384b000 	C:\WINDOWS\System32\bcryptPrimitives.dll
0x00007ff8439f0000 - 0x00007ff8439fe000 	C:\Users\admin\.jdks\corretto-17.0.11\bin\instrument.dll
0x00007ff83d880000 - 0x00007ff83d8a5000 	C:\Users\admin\.jdks\corretto-17.0.11\bin\java.dll
0x00007ff827b50000 - 0x00007ff827c27000 	C:\Users\admin\.jdks\corretto-17.0.11\bin\jsvml.dll
0x00007ff8549b0000 - 0x00007ff855229000 	C:\WINDOWS\System32\SHELL32.dll
0x00007ff851410000 - 0x00007ff851d19000 	C:\WINDOWS\SYSTEM32\windows.storage.dll
0x00007ff8512d0000 - 0x00007ff85140f000 	C:\WINDOWS\SYSTEM32\wintypes.dll
0x00007ff855270000 - 0x00007ff85536a000 	C:\WINDOWS\System32\SHCORE.dll
0x00007ff855400000 - 0x00007ff85545e000 	C:\WINDOWS\System32\shlwapi.dll
0x00007ff8535e0000 - 0x00007ff85360b000 	C:\WINDOWS\SYSTEM32\profapi.dll
0x00007ff835f70000 - 0x00007ff835f88000 	C:\Users\admin\.jdks\corretto-17.0.11\bin\zip.dll
0x00007ff835f50000 - 0x00007ff835f69000 	C:\Users\admin\.jdks\corretto-17.0.11\bin\net.dll
0x00007ff84c530000 - 0x00007ff84c666000 	C:\WINDOWS\SYSTEM32\WINHTTP.dll
0x00007ff852b70000 - 0x00007ff852bd9000 	C:\WINDOWS\system32\mswsock.dll
0x00007ff835a60000 - 0x00007ff835a76000 	C:\Users\admin\.jdks\corretto-17.0.11\bin\nio.dll
0x00007ff842d20000 - 0x00007ff842d30000 	C:\Users\admin\.jdks\corretto-17.0.11\bin\verify.dll
0x00007ff841c10000 - 0x00007ff841c37000 	C:\Users\admin\.gradle\native\1def1411415f61bf3af743bc5b6707747c0891f09f0c88961ee8f79bc544acac\windows-amd64\native-platform.dll
0x00007ff827960000 - 0x00007ff8279d8000 	C:\Users\admin\.gradle\native\0.2.6\x86_64-windows-gnu\gradle-fileevents.dll
0x00007ff8426d0000 - 0x00007ff8426d9000 	C:\Users\admin\.jdks\corretto-17.0.11\bin\management.dll
0x00007ff841c00000 - 0x00007ff841c0b000 	C:\Users\admin\.jdks\corretto-17.0.11\bin\management_ext.dll
0x00007ff8556a0000 - 0x00007ff8556a8000 	C:\WINDOWS\System32\PSAPI.DLL
0x00007ff851f70000 - 0x00007ff851f9d000 	C:\WINDOWS\SYSTEM32\IPHLPAPI.DLL
0x00007ff855230000 - 0x00007ff855239000 	C:\WINDOWS\System32\NSI.dll
0x00007ff849b70000 - 0x00007ff849b89000 	C:\WINDOWS\SYSTEM32\dhcpcsvc6.DLL
0x00007ff849ad0000 - 0x00007ff849aef000 	C:\WINDOWS\SYSTEM32\dhcpcsvc.DLL
0x00007ff851fa0000 - 0x00007ff8520a2000 	C:\WINDOWS\SYSTEM32\DNSAPI.dll
0x00007ff840e90000 - 0x00007ff840e99000 	C:\Users\admin\.jdks\corretto-17.0.11\bin\extnet.dll
0x00007ff852dd0000 - 0x00007ff852deb000 	C:\WINDOWS\SYSTEM32\CRYPTSP.dll
0x00007ff852650000 - 0x00007ff852685000 	C:\WINDOWS\system32\rsaenh.dll
0x00007ff852c60000 - 0x00007ff852c88000 	C:\WINDOWS\SYSTEM32\USERENV.dll
0x00007ff852dc0000 - 0x00007ff852dcc000 	C:\WINDOWS\SYSTEM32\CRYPTBASE.dll
0x00007ff83d870000 - 0x00007ff83d87e000 	C:\Users\admin\.jdks\corretto-17.0.11\bin\sunmscapi.dll
0x00007ff853e50000 - 0x00007ff853fb6000 	C:\WINDOWS\System32\CRYPT32.dll
0x00007ff853070000 - 0x00007ff85309d000 	C:\WINDOWS\SYSTEM32\ncrypt.dll
0x00007ff853030000 - 0x00007ff853067000 	C:\WINDOWS\SYSTEM32\NTASN1.dll
0x00007fffe39b0000 - 0x00007fffe39b8000 	C:\WINDOWS\system32\wshunix.dll

dbghelp: loaded successfully - version: 4.0.5 - missing functions: none
symbol engine: initialized successfully - sym options: 0x614 - pdb path: .;C:\Users\admin\.jdks\corretto-17.0.11\bin;C:\WINDOWS\SYSTEM32;C:\WINDOWS\WinSxS\amd64_microsoft.windows.common-controls_6595b64144ccf1df_6.0.22621.4541_none_2710d1c57384c085;C:\Users\admin\.jdks\corretto-17.0.11\bin\server;C:\Users\admin\.gradle\native\1def1411415f61bf3af743bc5b6707747c0891f09f0c88961ee8f79bc544acac\windows-amd64;C:\Users\admin\.gradle\native\0.2.6\x86_64-windows-gnu

VM Arguments:
jvm_args: --add-opens=java.base/java.lang=ALL-UNNAMED --add-opens=java.base/java.lang.invoke=ALL-UNNAMED --add-opens=java.base/java.util=ALL-UNNAMED --add-opens=java.prefs/java.util.prefs=ALL-UNNAMED --add-exports=jdk.compiler/com.sun.tools.javac.api=ALL-UNNAMED --add-exports=jdk.compiler/com.sun.tools.javac.util=ALL-UNNAMED --add-opens=java.base/java.util=ALL-UNNAMED --add-opens=java.prefs/java.util.prefs=ALL-UNNAMED --add-opens=java.base/java.nio.charset=ALL-UNNAMED --add-opens=java.base/java.net=ALL-UNNAMED --add-opens=java.base/java.util.concurrent.atomic=ALL-UNNAMED --add-opens=java.xml/javax.xml.namespace=ALL-UNNAMED -XX:MaxMetaspaceSize=384m -XX:+HeapDumpOnOutOfMemoryError -Xms256m -Xmx512m -Dfile.encoding=windows-1252 -Duser.country=US -Duser.language=en -Duser.variant -javaagent:C:\Users\admin\.gradle\wrapper\dists\gradle-8.12.1-bin\eumc4uhoysa37zql93vfjkxy0\gradle-8.12.1\lib\agents\gradle-instrumentation-agent-8.12.1.jar 
java_command: org.gradle.launcher.daemon.bootstrap.GradleDaemon 8.12.1
java_class_path (initial): C:\Users\admin\.gradle\wrapper\dists\gradle-8.12.1-bin\eumc4uhoysa37zql93vfjkxy0\gradle-8.12.1\lib\gradle-daemon-main-8.12.1.jar
Launcher Type: SUN_STANDARD

[Global flags]
     intx CICompilerCount                          = 4                                         {product} {ergonomic}
   size_t CompressedClassSpaceSize                 = 335544320                                 {product} {ergonomic}
     uint ConcGCThreads                            = 2                                         {product} {ergonomic}
     uint G1ConcRefinementThreads                  = 8                                         {product} {ergonomic}
   size_t G1HeapRegionSize                         = 1048576                                   {product} {ergonomic}
    uintx GCDrainStackTargetSize                   = 64                                        {product} {ergonomic}
     bool HeapDumpOnOutOfMemoryError               = true                                   {manageable} {command line}
   size_t InitialHeapSize                          = 268435456                                 {product} {command line}
   size_t MarkStackSize                            = 4194304                                   {product} {ergonomic}
   size_t MaxHeapSize                              = 536870912                                 {product} {command line}
   size_t MaxMetaspaceSize                         = 402653184                                 {product} {command line}
   size_t MaxNewSize                               = 321912832                                 {product} {ergonomic}
   size_t MinHeapDeltaBytes                        = 1048576                                   {product} {ergonomic}
   size_t MinHeapSize                              = 268435456                                 {product} {command line}
    uintx NonNMethodCodeHeapSize                   = 5839372                                {pd product} {ergonomic}
    uintx NonProfiledCodeHeapSize                  = 122909434                              {pd product} {ergonomic}
    uintx ProfiledCodeHeapSize                     = 122909434                              {pd product} {ergonomic}
    uintx ReservedCodeCacheSize                    = 251658240                              {pd product} {ergonomic}
     bool SegmentedCodeCache                       = true                                      {product} {ergonomic}
   size_t SoftMaxHeapSize                          = 536870912                              {manageable} {ergonomic}
     bool UseCompressedClassPointers               = true                           {product lp64_product} {ergonomic}
     bool UseCompressedOops                        = true                           {product lp64_product} {ergonomic}
     bool UseG1GC                                  = true                                      {product} {ergonomic}
     bool UseLargePagesIndividualAllocation        = false                                  {pd product} {ergonomic}

Logging:
Log output configuration:
 #0: stdout all=warning uptime,level,tags
 #1: stderr all=off uptime,level,tags

Environment Variables:
PATH=C:\windows\system32;C:\windows;C:\windows\System32\Wbem;C:\windows\System32\WindowsPowerShell\v1.0\;C:\windows\System32\OpenSSH\;C:\Program Files (x86)\NVIDIA Corporation\PhysX\Common;C:\Program Files\NVIDIA Corporation\NVIDIA NvDLISR;C:\Program Files (x86)\dotnet\;C:\Program Files\dotnet\;C:\WINDOWS\system32;C:\WINDOWS;C:\WINDOWS\System32\Wbem;C:\WINDOWS\System32\WindowsPowerShell\v1.0\;C:\WINDOWS\System32\OpenSSH\;C:\Program Files\Git\cmd;D:\Ho�n\NodeJS-20\;C:\Users\admin\AppData\Local\Programs\Python\Python39\Scripts\;C:\Users\admin\AppData\Local\Programs\Python\Python39\;C:\Users\admin\AppData\Local\Microsoft\WindowsApps;;C:\Users\admin\AppData\Local\Programs\Microsoft VS Code\bin;C:\Users\admin\AppData\Local\Microsoft\WinGet\Packages\Schniz.fnm_Microsoft.Winget.Source_8wekyb3d8bbwe;C:\Users\admin\AppData\Roaming\npm
USERNAME=admin
OS=Windows_NT
PROCESSOR_IDENTIFIER=Intel64 Family 6 Model 140 Stepping 1, GenuineIntel
TMP=C:\Users\admin\AppData\Local\Temp
TEMP=C:\Users\admin\AppData\Local\Temp



Periodic native trim disabled


---------------  S Y S T E M  ---------------

OS:
 Windows 11 , 64 bit Build 22621 (10.0.22621.4391)
OS uptime: 16 days 17:41 hours

CPU: total 8 (initial active 8) (4 cores per cpu, 2 threads per core) family 6 model 140 stepping 1 microcode 0xac, cx8, cmov, fxsr, ht, mmx, 3dnowpref, sse, sse2, sse3, ssse3, sse4.1, sse4.2, popcnt, lzcnt, tsc, tscinvbit, avx, avx2, aes, erms, clmul, bmi1, bmi2, adx, avx512f, avx512dq, avx512cd, avx512bw, avx512vl, sha, fma, vzeroupper, avx512_vpopcntdq, avx512_vpclmulqdq, avx512_vaes, avx512_vnni, clflush, clflushopt, clwb, avx512_vbmi2, avx512_vbmi
Processor Information for all 8 processors :
  Max Mhz: 2419, Current Mhz: 2419, Mhz Limit: 2419

Memory: 4k page, system-wide physical 7957M (222M free)
TotalPageFile size 20572M (AvailPageFile size 21M)
current process WorkingSet (physical memory assigned to process): 237M, peak: 237M
current process commit charge ("private bytes"): 418M, peak: 421M

vm_info: OpenJDK 64-Bit Server VM (17.0.11+9-LTS) for windows-amd64 JRE (17.0.11+9-LTS), built on Apr 10 2024 22:12:24 by "Administrator" with MS VC++ 16.10 / 16.11 (VS2019)

END.
